 node-simconnect

 Timestamp is 5aad775e (Sat Mar 17 21:15:26 2018)

 Preferred load address is 0000000180000000

 Start         Length     Name                   Class
 0001:00000000 000005f0H .text$di                CODE
 0001:000005f0 0000e200H .text$mn                CODE
 0001:0000e7f0 00000020H .text$mn$00             CODE
 0001:0000e810 000001c0H .text$x                 CODE
 0001:0000e9d0 0000016eH .text$yd                CODE
 0002:00000000 00000390H .idata$5                DATA
 0002:00000390 00000010H .00cfg                  DATA
 0002:000003a0 00000008H .CRT$XCA                DATA
 0002:000003a8 00000038H .CRT$XCU                DATA
 0002:000003e0 00000008H .CRT$XCZ                DATA
 0002:000003e8 00000008H .CRT$XIA                DATA
 0002:000003f0 00000008H .CRT$XIZ                DATA
 0002:000003f8 00000008H .CRT$XPA                DATA
 0002:00000400 00000008H .CRT$XPZ                DATA
 0002:00000408 00000008H .CRT$XTA                DATA
 0002:00000410 00000010H .CRT$XTZ                DATA
 0002:00000420 00001048H .rdata                  DATA
 0002:00001468 000001f4H .rdata$r                DATA
 0002:0000165c 000003bcH .rdata$zzzdbg           DATA
 0002:00001a18 00000008H .rtc$IAA                DATA
 0002:00001a20 00000008H .rtc$IZZ                DATA
 0002:00001a28 00000008H .rtc$TAA                DATA
 0002:00001a30 00000010H .rtc$TZZ                DATA
 0002:00001a40 00001028H .xdata                  DATA
 0002:00002a68 000000ecH .xdata$x                DATA
 0002:00002b54 00000020H .didat$2                DATA
 0002:00002b74 00000024H .didat$3                DATA
 0002:00002b98 00000168H .didat$4                DATA
 0002:00002d00 00000990H .didat$6                DATA
 0002:00003690 00000170H .didat$7                DATA
 0002:00003800 00000058H .edata                  DATA
 0002:00003858 00000118H .idata$2                DATA
 0002:00003970 00000018H .idata$3                DATA
 0002:00003988 00000390H .idata$4                DATA
 0002:00003d18 0000083aH .idata$6                DATA
 0003:00000000 00000080H .data                   DATA
 0003:00000080 000000a0H .data$r                 DATA
 0003:00000120 00000170H .didat$5                DATA
 0003:00000290 00000810H .bss                    DATA
 0004:00000000 00000e64H .pdata                  DATA
 0005:00000000 0000002cH .gfids$y                DATA
 0006:00000000 00000060H .rsrc$01                DATA
 0006:00000060 00000180H .rsrc$02                DATA

  Address         Publics by Value              Rva+Base               Lib:Object

 0000:00000000       __guard_iat_count          0000000000000000     <absolute>
 0000:00000000       __dynamic_value_reloc_table 0000000000000000     <absolute>
 0000:00000000       __guard_iat_table          0000000000000000     <absolute>
 0000:00000000       __guard_longjmp_table      0000000000000000     <absolute>
 0000:00000000       __guard_longjmp_count      0000000000000000     <absolute>
 0000:00000000       __guard_fids_count         0000000000000000     <absolute>
 0000:00000000       ___safe_se_handler_table   0000000000000000     <absolute>
 0000:00000000       ___safe_se_handler_count   0000000000000000     <absolute>
 0000:00000000       __guard_fids_table         0000000000000000     <absolute>
 0000:00000100       __guard_flags              0000000000000100     <absolute>
 0000:00000000       __ImageBase                0000000180000000     <linker-defined>
 0001:000005f0       __local_stdio_printf_options 00000001800015f0 f i addon.obj
 0001:00000600       printf                     0000000180001600 f i addon.obj
 0001:00000660       sprintf                    0000000180001660 f i addon.obj
 0001:000006c0       ?NODE_SET_METHOD@node@@YAXV?$Local@VObject@v8@@@v8@@PEBDP6AXAEBV?$FunctionCallbackInfo@VValue@v8@@@3@@Z@Z 00000001800016c0 f i addon.obj
 0001:000007a0       ?Call@Callback@Nan@@QEBA?AV?$Local@VValue@v8@@@v8@@HQEAV34@@Z 00000001800017a0 f i addon.obj
 0001:000008a0       ??0AsyncWorker@Nan@@QEAA@PEAVCallback@1@@Z 00000001800018a0 f i addon.obj
 0001:00000960       ??1AsyncWorker@Nan@@UEAA@XZ 0000000180001960 f i addon.obj
 0001:00000a10       ?WorkComplete@AsyncWorker@Nan@@UEAAXXZ 0000000180001a10 f i addon.obj
 0001:00000af0       ?Destroy@AsyncWorker@Nan@@UEAAXXZ 0000000180001af0 f i addon.obj
 0001:00000b10       ?HandleOKCallback@AsyncWorker@Nan@@MEAAXXZ 0000000180001b10 f i addon.obj
 0001:00000b60       ?HandleErrorCallback@AsyncWorker@Nan@@MEAAXXZ 0000000180001b60 f i addon.obj
 0001:00000cd0       ??_EAsyncWorker@Nan@@UEAAPEAXI@Z 0000000180001cd0 f i * CIL library *:* CIL module *
 0001:00000cd0       ??_GAsyncWorker@Nan@@UEAAPEAXI@Z 0000000180001cd0 f i addon.obj
 0001:00000d10       ?AsyncExecute@Nan@@YAXPEAUuv_work_s@@@Z 0000000180001d10 f i addon.obj
 0001:00000d20       ?AsyncExecuteComplete@Nan@@YAXPEAUuv_work_s@@@Z 0000000180001d20 f i addon.obj
 0001:00000d60       ?Execute@DispatchWorker@@UEAAXXZ 0000000180001d60 f i addon.obj
 0001:00000e30       ??_EDispatchWorker@@UEAAPEAXI@Z 0000000180001e30 f i * CIL library *:* CIL module *
 0001:00000e30       ??_GDispatchWorker@@UEAAPEAXI@Z 0000000180001e30 f i addon.obj
 0001:00000e70       ?messageReceiver@@YAXPEAUuv_async_s@@@Z 0000000180001e70 f   addon.obj
 0001:00000fa0       ?handleReceived_Data@@YAXPEAVIsolate@v8@@PEAUSIMCONNECT_RECV@@K@Z 0000000180001fa0 f   addon.obj
 0001:00001530       ?handle_Error@@YAXPEAVIsolate@v8@@J@Z 0000000180002530 f   addon.obj
 0001:00001660       ?handleReceived_Event@@YAXPEAVIsolate@v8@@PEAUSIMCONNECT_RECV@@K@Z 0000000180002660 f   addon.obj
 0001:00001820       ?handleReceived_Exception@@YAXPEAVIsolate@v8@@PEAUSIMCONNECT_RECV@@K@Z 0000000180002820 f   addon.obj
 0001:00001b80       ?handleReceived_Filename@@YAXPEAVIsolate@v8@@PEAUSIMCONNECT_RECV@@K@Z 0000000180002b80 f   addon.obj
 0001:00001d40       ?handleReceived_Open@@YAXPEAVIsolate@v8@@PEAUSIMCONNECT_RECV@@K@Z 0000000180002d40 f   addon.obj
 0001:00001f60       ?handleReceived_SystemState@@YAXPEAVIsolate@v8@@PEAUSIMCONNECT_RECV@@K@Z 0000000180002f60 f   addon.obj
 0001:000021d0       ?handleReceived_Quit@@YAXPEAVIsolate@v8@@@Z 00000001800031d0 f   addon.obj
 0001:00002340       ?Open@@YAXAEBV?$FunctionCallbackInfo@VValue@v8@@@v8@@@Z 0000000180003340 f   addon.obj
 0001:00002800       ?Close@@YAXAEBV?$FunctionCallbackInfo@VValue@v8@@@v8@@@Z 0000000180003800 f   addon.obj
 0001:000028d0       ?RequestSystemState@@YAXAEBV?$FunctionCallbackInfo@VValue@v8@@@v8@@@Z 00000001800038d0 f   addon.obj
 0001:00002ac0       ?TransmitClientEvent@@YAXAEBV?$FunctionCallbackInfo@VValue@v8@@@v8@@@Z 0000000180003ac0 f   addon.obj
 0001:00002bf0       ?SubscribeToSystemEvent@@YAXAEBV?$FunctionCallbackInfo@VValue@v8@@@v8@@@Z 0000000180003bf0 f   addon.obj
 0001:00002de0       ?RequestDataOnSimObject@@YAXAEBV?$FunctionCallbackInfo@VValue@v8@@@v8@@@Z 0000000180003de0 f   addon.obj
 0001:000030c0       ??1DataRequest@@QEAA@XZ    00000001800040c0 f i addon.obj
 0001:00003140       ?SetDataOnSimObject@@YAXAEBV?$FunctionCallbackInfo@VValue@v8@@@v8@@@Z 0000000180004140 f   addon.obj
 0001:00003310       ?generateDataRequest@@YA?AUDataRequest@@PEAVIsolate@v8@@PEAXV?$Local@VArray@v8@@@3@PEAVCallback@Nan@@@Z 0000000180004310 f   addon.obj
 0001:00003ba0       ?SetAircraftInitialPosition@@YAXAEBV?$FunctionCallbackInfo@VValue@v8@@@v8@@@Z 0000000180004ba0 f   addon.obj
 0001:000040b0       ?Initialize@@YAXV?$Local@VObject@v8@@@v8@@@Z 00000001800050b0 f   addon.obj
 0001:00004190       ??4?$vector@W4SIMCONNECT_DATATYPE@@V?$allocator@W4SIMCONNECT_DATATYPE@@@std@@@std@@QEAAAEAV01@AEBV01@@Z 0000000180005190 f i addon.obj
 0001:000042d0       ??0?$vector@W4SIMCONNECT_DATATYPE@@V?$allocator@W4SIMCONNECT_DATATYPE@@@std@@@std@@QEAA@AEBV01@@Z 00000001800052d0 f i addon.obj
 0001:00004390       ??4?$vector@V?$basic_string@DU?$char_traits@D@std@@V?$allocator@D@2@@std@@V?$allocator@V?$basic_string@DU?$char_traits@D@std@@V?$allocator@D@2@@std@@@2@@std@@QEAAAEAV01@AEBV01@@Z 0000000180005390 f i addon.obj
 0001:000044b0       ?deallocate@?$_Wrap_alloc@V?$allocator@W4SIMCONNECT_DATATYPE@@@std@@@std@@QEAAXPEAW4SIMCONNECT_DATATYPE@@_K@Z 00000001800054b0 f i addon.obj
 0001:00004530       ?_Buy@?$vector@W4SIMCONNECT_DATATYPE@@V?$allocator@W4SIMCONNECT_DATATYPE@@@std@@@std@@IEAA_N_K@Z 0000000180005530 f i addon.obj
 0001:00004590       ?deallocate@?$_Wrap_alloc@V?$allocator@V?$basic_string@DU?$char_traits@D@std@@V?$allocator@D@2@@std@@@std@@@std@@QEAAXPEAV?$basic_string@DU?$char_traits@D@std@@V?$allocator@D@2@@2@_K@Z 0000000180005590 f i addon.obj
 0001:00004600       ?_Buy@?$vector@V?$basic_string@DU?$char_traits@D@std@@V?$allocator@D@2@@std@@V?$allocator@V?$basic_string@DU?$char_traits@D@std@@V?$allocator@D@2@@std@@@2@@std@@IEAA_N_K@Z 0000000180005600 f i addon.obj
 0001:00004670       ?assign@?$basic_string@DU?$char_traits@D@std@@V?$allocator@D@2@@std@@QEAAAEAV12@PEBD_K@Z 0000000180005670 f i addon.obj
 0001:000047a0       ?assign@?$basic_string@DU?$char_traits@D@std@@V?$allocator@D@2@@std@@QEAAAEAV12@AEBV12@_K1@Z 00000001800057a0 f i addon.obj
 0001:000048d0       ?_Assign_rv@?$basic_string@DU?$char_traits@D@std@@V?$allocator@D@2@@std@@QEAAX$$QEAV12@@Z 00000001800058d0 f i addon.obj
 0001:00004960       ?erase@?$_Tree@V?$_Tmap_traits@HPEAVCallback@Nan@@U?$less@H@std@@V?$allocator@U?$pair@$$CBHPEAVCallback@Nan@@@std@@@4@$0A@@std@@@std@@QEAA?AV?$_Tree_iterator@V?$_Tree_val@U?$_Tree_simple_types@U?$pair@$$CBHPEAVCallback@Nan@@@std@@@std@@@std@@@2@V?$_Tree_const_iterator@V?$_Tree_val@U?$_Tree_simple_types@U?$pair@$$CBHPEAVCallback@Nan@@@std@@@std@@@std@@@2@0@Z 0000000180005960 f i addon.obj
 0001:00004a90       ?erase@?$_Tree@V?$_Tmap_traits@HUDataRequest@@U?$less@H@std@@V?$allocator@U?$pair@$$CBHUDataRequest@@@std@@@3@$0A@@std@@@std@@QEAA?AV?$_Tree_iterator@V?$_Tree_val@U?$_Tree_simple_types@U?$pair@$$CBHUDataRequest@@@std@@@std@@@std@@@2@V?$_Tree_const_iterator@V?$_Tree_val@U?$_Tree_simple_types@U?$pair@$$CBHUDataRequest@@@std@@@std@@@std@@@2@0@Z 0000000180005a90 f i addon.obj
 0001:00004ba0       ?erase@?$_Tree@V?$_Tmap_traits@W4SIMCONNECT_DATATYPE@@HU?$less@W4SIMCONNECT_DATATYPE@@@std@@V?$allocator@U?$pair@$$CBW4SIMCONNECT_DATATYPE@@H@std@@@3@$0A@@std@@@std@@QEAA?AV?$_Tree_iterator@V?$_Tree_val@U?$_Tree_simple_types@U?$pair@$$CBW4SIMCONNECT_DATATYPE@@H@std@@@std@@@std@@@2@V?$_Tree_const_iterator@V?$_Tree_val@U?$_Tree_simple_types@U?$pair@$$CBW4SIMCONNECT_DATATYPE@@H@std@@@std@@@std@@@2@0@Z 0000000180005ba0 f i addon.obj
 0001:00004c80       ?erase@?$_Tree@V?$_Tmap_traits@W4SIMCONNECT_EXCEPTION@@PEBDU?$less@W4SIMCONNECT_EXCEPTION@@@std@@V?$allocator@U?$pair@$$CBW4SIMCONNECT_EXCEPTION@@PEBD@std@@@3@$0A@@std@@@std@@QEAA?AV?$_Tree_iterator@V?$_Tree_val@U?$_Tree_simple_types@U?$pair@$$CBW4SIMCONNECT_EXCEPTION@@PEBD@std@@@std@@@std@@@2@V?$_Tree_const_iterator@V?$_Tree_val@U?$_Tree_simple_types@U?$pair@$$CBW4SIMCONNECT_EXCEPTION@@PEBD@std@@@std@@@std@@@2@0@Z 0000000180005c80 f i addon.obj
 0001:00004d60       ?allocate@?$_Wrap_alloc@V?$allocator@W4SIMCONNECT_DATATYPE@@@std@@@std@@QEAAPEAW4SIMCONNECT_DATATYPE@@_K@Z 0000000180005d60 f i addon.obj
 0001:00004de0       ?_Reallocate@?$vector@W4SIMCONNECT_DATATYPE@@V?$allocator@W4SIMCONNECT_DATATYPE@@@std@@@std@@IEAAX_K@Z 0000000180005de0 f i addon.obj
 0001:00004ec0       ?allocate@?$_Wrap_alloc@V?$allocator@V?$basic_string@DU?$char_traits@D@std@@V?$allocator@D@2@@std@@@std@@@std@@QEAAPEAV?$basic_string@DU?$char_traits@D@std@@V?$allocator@D@2@@2@_K@Z 0000000180005ec0 f i addon.obj
 0001:00004f30       ?_Reallocate@?$vector@V?$basic_string@DU?$char_traits@D@std@@V?$allocator@D@2@@std@@V?$allocator@V?$basic_string@DU?$char_traits@D@std@@V?$allocator@D@2@@std@@@2@@std@@IEAAX_K@Z 0000000180005f30 f i addon.obj
 0001:00005050       ?erase@?$basic_string@DU?$char_traits@D@std@@V?$allocator@D@2@@std@@QEAAAEAV12@_K0@Z 0000000180006050 f i addon.obj
 0001:000050f0       ?erase@?$_Tree@V?$_Tmap_traits@HPEAVCallback@Nan@@U?$less@H@std@@V?$allocator@U?$pair@$$CBHPEAVCallback@Nan@@@std@@@4@$0A@@std@@@std@@QEAA?AV?$_Tree_iterator@V?$_Tree_val@U?$_Tree_simple_types@U?$pair@$$CBHPEAVCallback@Nan@@@std@@@std@@@std@@@2@V?$_Tree_const_iterator@V?$_Tree_val@U?$_Tree_simple_types@U?$pair@$$CBHPEAVCallback@Nan@@@std@@@std@@@std@@@2@@Z 00000001800060f0 f i addon.obj
 0001:00005560       ?erase@?$_Tree@V?$_Tmap_traits@HUDataRequest@@U?$less@H@std@@V?$allocator@U?$pair@$$CBHUDataRequest@@@std@@@3@$0A@@std@@@std@@QEAA?AV?$_Tree_iterator@V?$_Tree_val@U?$_Tree_simple_types@U?$pair@$$CBHUDataRequest@@@std@@@std@@@std@@@2@V?$_Tree_const_iterator@V?$_Tree_val@U?$_Tree_simple_types@U?$pair@$$CBHUDataRequest@@@std@@@std@@@std@@@2@@Z 0000000180006560 f i addon.obj
 0001:00005a20       ?clear@?$_Tree@V?$_Tmap_traits@W4SIMCONNECT_DATATYPE@@HU?$less@W4SIMCONNECT_DATATYPE@@@std@@V?$allocator@U?$pair@$$CBW4SIMCONNECT_DATATYPE@@H@std@@@3@$0A@@std@@@std@@QEAAXXZ 0000000180006a20 f i addon.obj
 0001:00005aa0       ?erase@?$_Tree@V?$_Tmap_traits@W4SIMCONNECT_DATATYPE@@HU?$less@W4SIMCONNECT_DATATYPE@@@std@@V?$allocator@U?$pair@$$CBW4SIMCONNECT_DATATYPE@@H@std@@@3@$0A@@std@@@std@@QEAA?AV?$_Tree_iterator@V?$_Tree_val@U?$_Tree_simple_types@U?$pair@$$CBW4SIMCONNECT_DATATYPE@@H@std@@@std@@@std@@@2@V?$_Tree_const_iterator@V?$_Tree_val@U?$_Tree_simple_types@U?$pair@$$CBW4SIMCONNECT_DATATYPE@@H@std@@@std@@@std@@@2@@Z 0000000180006aa0 f i addon.obj
 0001:00005e40       ?clear@?$_Tree@V?$_Tmap_traits@W4SIMCONNECT_EXCEPTION@@PEBDU?$less@W4SIMCONNECT_EXCEPTION@@@std@@V?$allocator@U?$pair@$$CBW4SIMCONNECT_EXCEPTION@@PEBD@std@@@3@$0A@@std@@@std@@QEAAXXZ 0000000180006e40 f i addon.obj
 0001:00005ec0       ?erase@?$_Tree@V?$_Tmap_traits@W4SIMCONNECT_EXCEPTION@@PEBDU?$less@W4SIMCONNECT_EXCEPTION@@@std@@V?$allocator@U?$pair@$$CBW4SIMCONNECT_EXCEPTION@@PEBD@std@@@3@$0A@@std@@@std@@QEAA?AV?$_Tree_iterator@V?$_Tree_val@U?$_Tree_simple_types@U?$pair@$$CBW4SIMCONNECT_EXCEPTION@@PEBD@std@@@std@@@std@@@2@V?$_Tree_const_iterator@V?$_Tree_val@U?$_Tree_simple_types@U?$pair@$$CBW4SIMCONNECT_EXCEPTION@@PEBD@std@@@std@@@std@@@2@@Z 0000000180006ec0 f i addon.obj
 0001:00006260       ?_Copy@?$basic_string@DU?$char_traits@D@std@@V?$allocator@D@2@@std@@QEAAX_K0@Z 0000000180007260 f i addon.obj
 0001:000063e0       ?_Rrotate@?$_Tree@V?$_Tmap_traits@HPEAVCallback@Nan@@U?$less@H@std@@V?$allocator@U?$pair@$$CBHPEAVCallback@Nan@@@std@@@4@$0A@@std@@@std@@IEAAXPEAU?$_Tree_node@U?$pair@$$CBHPEAVCallback@Nan@@@std@@PEAX@2@@Z 00000001800073e0 f i addon.obj
 0001:00006440       ?_Lrotate@?$_Tree@V?$_Tmap_traits@HPEAVCallback@Nan@@U?$less@H@std@@V?$allocator@U?$pair@$$CBHPEAVCallback@Nan@@@std@@@4@$0A@@std@@@std@@IEAAXPEAU?$_Tree_node@U?$pair@$$CBHPEAVCallback@Nan@@@std@@PEAX@2@@Z 0000000180007440 f i addon.obj
 0001:000064a0       ?_Erase@?$_Tree@V?$_Tmap_traits@W4SIMCONNECT_EXCEPTION@@PEBDU?$less@W4SIMCONNECT_EXCEPTION@@@std@@V?$allocator@U?$pair@$$CBW4SIMCONNECT_EXCEPTION@@PEBD@std@@@3@$0A@@std@@@std@@IEAAXPEAU?$_Tree_node@U?$pair@$$CBW4SIMCONNECT_EXCEPTION@@PEBD@std@@PEAX@2@@Z 00000001800074a0 f i addon.obj
 0001:000064a0       ?_Erase@?$_Tree@V?$_Tmap_traits@W4SIMCONNECT_DATATYPE@@HU?$less@W4SIMCONNECT_DATATYPE@@@std@@V?$allocator@U?$pair@$$CBW4SIMCONNECT_DATATYPE@@H@std@@@3@$0A@@std@@@std@@IEAAXPEAU?$_Tree_node@U?$pair@$$CBW4SIMCONNECT_DATATYPE@@H@std@@PEAX@2@@Z 00000001800074a0 f i addon.obj
 0001:000064a0       ?_Erase@?$_Tree@V?$_Tmap_traits@HPEAVCallback@Nan@@U?$less@H@std@@V?$allocator@U?$pair@$$CBHPEAVCallback@Nan@@@std@@@4@$0A@@std@@@std@@IEAAXPEAU?$_Tree_node@U?$pair@$$CBHPEAVCallback@Nan@@@std@@PEAX@2@@Z 00000001800074a0 f i addon.obj
 0001:000064f0       ?_Rrotate@?$_Tree@V?$_Tmap_traits@HUDataRequest@@U?$less@H@std@@V?$allocator@U?$pair@$$CBHUDataRequest@@@std@@@3@$0A@@std@@@std@@IEAAXPEAU?$_Tree_node@U?$pair@$$CBHUDataRequest@@@std@@PEAX@2@@Z 00000001800074f0 f i addon.obj
 0001:00006550       ?_Lrotate@?$_Tree@V?$_Tmap_traits@HUDataRequest@@U?$less@H@std@@V?$allocator@U?$pair@$$CBHUDataRequest@@@std@@@3@$0A@@std@@@std@@IEAAXPEAU?$_Tree_node@U?$pair@$$CBHUDataRequest@@@std@@PEAX@2@@Z 0000000180007550 f i addon.obj
 0001:000065b0       ?_Erase@?$_Tree@V?$_Tmap_traits@HUDataRequest@@U?$less@H@std@@V?$allocator@U?$pair@$$CBHUDataRequest@@@std@@@3@$0A@@std@@@std@@IEAAXPEAU?$_Tree_node@U?$pair@$$CBHUDataRequest@@@std@@PEAX@2@@Z 00000001800075b0 f i addon.obj
 0001:00006750       ?_Rrotate@?$_Tree@V?$_Tmap_traits@W4SIMCONNECT_DATATYPE@@HU?$less@W4SIMCONNECT_DATATYPE@@@std@@V?$allocator@U?$pair@$$CBW4SIMCONNECT_DATATYPE@@H@std@@@3@$0A@@std@@@std@@IEAAXPEAU?$_Tree_node@U?$pair@$$CBW4SIMCONNECT_DATATYPE@@H@std@@PEAX@2@@Z 0000000180007750 f i addon.obj
 0001:000067b0       ?_Lrotate@?$_Tree@V?$_Tmap_traits@W4SIMCONNECT_DATATYPE@@HU?$less@W4SIMCONNECT_DATATYPE@@@std@@V?$allocator@U?$pair@$$CBW4SIMCONNECT_DATATYPE@@H@std@@@3@$0A@@std@@@std@@IEAAXPEAU?$_Tree_node@U?$pair@$$CBW4SIMCONNECT_DATATYPE@@H@std@@PEAX@2@@Z 00000001800077b0 f i addon.obj
 0001:00006810       ?_Rrotate@?$_Tree@V?$_Tmap_traits@W4SIMCONNECT_EXCEPTION@@PEBDU?$less@W4SIMCONNECT_EXCEPTION@@@std@@V?$allocator@U?$pair@$$CBW4SIMCONNECT_EXCEPTION@@PEBD@std@@@3@$0A@@std@@@std@@IEAAXPEAU?$_Tree_node@U?$pair@$$CBW4SIMCONNECT_EXCEPTION@@PEBD@std@@PEAX@2@@Z 0000000180007810 f i addon.obj
 0001:00006870       ?_Lrotate@?$_Tree@V?$_Tmap_traits@W4SIMCONNECT_EXCEPTION@@PEBDU?$less@W4SIMCONNECT_EXCEPTION@@@std@@V?$allocator@U?$pair@$$CBW4SIMCONNECT_EXCEPTION@@PEBD@std@@@3@$0A@@std@@@std@@IEAAXPEAU?$_Tree_node@U?$pair@$$CBW4SIMCONNECT_EXCEPTION@@PEBD@std@@PEAX@2@@Z 0000000180007870 f i addon.obj
 0001:000068d0       ??$_Copy_unchecked@PEAV?$basic_string@DU?$char_traits@D@std@@V?$allocator@D@2@@std@@PEAV12@@std@@YAPEAV?$basic_string@DU?$char_traits@D@std@@V?$allocator@D@2@@0@PEAV10@00@Z 00000001800078d0 f i addon.obj
 0001:00006930       ??$insert@PEBU?$pair@$$CBW4SIMCONNECT_DATATYPE@@H@std@@@?$_Tree@V?$_Tmap_traits@W4SIMCONNECT_DATATYPE@@HU?$less@W4SIMCONNECT_DATATYPE@@@std@@V?$allocator@U?$pair@$$CBW4SIMCONNECT_DATATYPE@@H@std@@@3@$0A@@std@@@std@@QEAAXPEBU?$pair@$$CBW4SIMCONNECT_DATATYPE@@H@1@0@Z 0000000180007930 f i addon.obj
 0001:000069e0       ??$insert@PEBU?$pair@$$CBW4SIMCONNECT_EXCEPTION@@PEBD@std@@@?$_Tree@V?$_Tmap_traits@W4SIMCONNECT_EXCEPTION@@PEBDU?$less@W4SIMCONNECT_EXCEPTION@@@std@@V?$allocator@U?$pair@$$CBW4SIMCONNECT_EXCEPTION@@PEBD@std@@@3@$0A@@std@@@std@@QEAAXPEBU?$pair@$$CBW4SIMCONNECT_EXCEPTION@@PEBD@1@0@Z 00000001800079e0 f i addon.obj
 0001:00006a90       ?ShiftState@ClientClient@@UEAAXXZ 0000000180007a90 f i SimConnect:commClient.obj
 0001:00006a90       ?ShiftState@CClient@@EEAAXXZ 0000000180007a90 f i SimConnect:client.obj
 0001:00006a90       ??$destroy@PEAU?$_Tree_node@U?$pair@$$CBW4SIMCONNECT_DATATYPE@@H@std@@PEAX@std@@@?$_Wrap_alloc@V?$allocator@U?$_Tree_node@U?$pair@$$CBW4SIMCONNECT_DATATYPE@@H@std@@PEAX@std@@@std@@@std@@QEAAXPEAPEAU?$_Tree_node@U?$pair@$$CBW4SIMCONNECT_DATATYPE@@H@std@@PEAX@1@@Z 0000000180007a90 f i addon.obj
 0001:00006a90       ??$destroy@PEAU?$_Tree_node@U?$pair@$$CBHUDataRequest@@@std@@PEAX@std@@@?$_Wrap_alloc@V?$allocator@U?$_Tree_node@U?$pair@$$CBHUDataRequest@@@std@@PEAX@std@@@std@@@std@@QEAAXPEAPEAU?$_Tree_node@U?$pair@$$CBHUDataRequest@@@std@@PEAX@1@@Z 0000000180007a90 f i addon.obj
 0001:00006a90       ??$destroy@PEAU?$_Tree_node@U?$pair@$$CBW4SIMCONNECT_EXCEPTION@@PEBD@std@@PEAX@std@@@?$_Wrap_alloc@V?$allocator@U?$_Tree_node@U?$pair@$$CBW4SIMCONNECT_EXCEPTION@@PEBD@std@@PEAX@std@@@std@@@std@@QEAAXPEAPEAU?$_Tree_node@U?$pair@$$CBW4SIMCONNECT_EXCEPTION@@PEBD@std@@PEAX@1@@Z 0000000180007a90 f i addon.obj
 0001:00006a90       _guard_check_icall_nop     0000000180007a90 f i MSVCRT:guard_support.obj
 0001:00006a90       ??$destroy@PEAU?$_Tree_node@U?$pair@$$CBHPEAVCallback@Nan@@@std@@PEAX@std@@@?$_Wrap_alloc@V?$allocator@U?$_Tree_node@U?$pair@$$CBHPEAVCallback@Nan@@@std@@PEAX@std@@@std@@@std@@QEAAXPEAPEAU?$_Tree_node@U?$pair@$$CBHPEAVCallback@Nan@@@std@@PEAX@1@@Z 0000000180007a90 f i addon.obj
 0001:00006aa0       ??$_Try_emplace@AEBH$$V@?$map@HUDataRequest@@U?$less@H@std@@V?$allocator@U?$pair@$$CBHUDataRequest@@@std@@@3@@std@@QEAA?AU?$pair@V?$_Tree_iterator@V?$_Tree_val@U?$_Tree_simple_types@U?$pair@$$CBHUDataRequest@@@std@@@std@@@std@@@std@@_N@1@AEBH@Z 0000000180007aa0 f i addon.obj
 0001:00006bc0       ??$_Try_emplace@AEBW4SIMCONNECT_DATATYPE@@$$V@?$map@W4SIMCONNECT_DATATYPE@@HU?$less@W4SIMCONNECT_DATATYPE@@@std@@V?$allocator@U?$pair@$$CBW4SIMCONNECT_DATATYPE@@H@std@@@3@@std@@QEAA?AU?$pair@V?$_Tree_iterator@V?$_Tree_val@U?$_Tree_simple_types@U?$pair@$$CBW4SIMCONNECT_DATATYPE@@H@std@@@std@@@std@@@std@@_N@1@AEBW4SIMCONNECT_DATATYPE@@@Z 0000000180007bc0 f i addon.obj
 0001:00006cc0       ??$_Try_emplace@W4SIMCONNECT_EXCEPTION@@$$V@?$map@W4SIMCONNECT_EXCEPTION@@PEBDU?$less@W4SIMCONNECT_EXCEPTION@@@std@@V?$allocator@U?$pair@$$CBW4SIMCONNECT_EXCEPTION@@PEBD@std@@@3@@std@@QEAA?AU?$pair@V?$_Tree_iterator@V?$_Tree_val@U?$_Tree_simple_types@U?$pair@$$CBW4SIMCONNECT_EXCEPTION@@PEBD@std@@@std@@@std@@@std@@_N@1@$$QEAW4SIMCONNECT_EXCEPTION@@@Z 0000000180007cc0 f i addon.obj
 0001:00006dc0       ??$_Destroy_range1@V?$allocator@V?$basic_string@DU?$char_traits@D@std@@V?$allocator@D@2@@std@@@std@@PEAV?$basic_string@DU?$char_traits@D@std@@V?$allocator@D@2@@2@@std@@YAXPEAV?$basic_string@DU?$char_traits@D@std@@V?$allocator@D@2@@0@0AEAU?$_Wrap_alloc@V?$allocator@V?$basic_string@DU?$char_traits@D@std@@V?$allocator@D@2@@std@@@std@@@0@U?$integral_constant@_N$0A@@0@@Z 0000000180007dc0 f i addon.obj
 0001:00006e80       ??0?$_Wrap_alloc@V?$allocator@U?$_Tree_node@U?$pair@$$CBHPEAVCallback@Nan@@@std@@PEAX@std@@@std@@@std@@QEAA@XZ 0000000180007e80 f i addon.obj
 0001:00006e90       ??0?$_Wrap_alloc@V?$allocator@U?$_Tree_node@U?$pair@$$CBHUDataRequest@@@std@@PEAX@std@@@std@@@std@@QEAA@XZ 0000000180007e90 f i addon.obj
 0001:00006ea0       ??0?$_Wrap_alloc@V?$allocator@U?$_Tree_node@U?$pair@$$CBW4SIMCONNECT_DATATYPE@@H@std@@PEAX@std@@@std@@@std@@QEAA@XZ 0000000180007ea0 f i addon.obj
 0001:00006eb0       ??0?$_Wrap_alloc@V?$allocator@U?$_Tree_node@U?$pair@$$CBW4SIMCONNECT_EXCEPTION@@PEBD@std@@PEAX@std@@@std@@@std@@QEAA@XZ 0000000180007eb0 f i addon.obj
 0001:00006ec0       ??$_Uninitialized_copy_al_unchecked@PEAV?$basic_string@DU?$char_traits@D@std@@V?$allocator@D@2@@std@@PEAV12@V?$allocator@V?$basic_string@DU?$char_traits@D@std@@V?$allocator@D@2@@std@@@2@@std@@YAPEAV?$basic_string@DU?$char_traits@D@std@@V?$allocator@D@2@@0@PEAV10@00AEAU?$_Wrap_alloc@V?$allocator@V?$basic_string@DU?$char_traits@D@std@@V?$allocator@D@2@@std@@@std@@@0@@Z 0000000180007ec0 f i addon.obj
 0001:00006ec0       ??$_Uninitialized_copy_al_unchecked@PEBV?$basic_string@DU?$char_traits@D@std@@V?$allocator@D@2@@std@@PEAV12@V?$allocator@V?$basic_string@DU?$char_traits@D@std@@V?$allocator@D@2@@std@@@2@@std@@YAPEAV?$basic_string@DU?$char_traits@D@std@@V?$allocator@D@2@@0@PEBV10@0PEAV10@AEAU?$_Wrap_alloc@V?$allocator@V?$basic_string@DU?$char_traits@D@std@@V?$allocator@D@2@@std@@@std@@@0@@Z 0000000180007ec0 f i addon.obj
 0001:00006f50       ??$_Insert_hint@AEAU?$pair@$$CBW4SIMCONNECT_DATATYPE@@H@std@@PEAU?$_Tree_node@U?$pair@$$CBW4SIMCONNECT_DATATYPE@@H@std@@PEAX@2@@?$_Tree@V?$_Tmap_traits@W4SIMCONNECT_DATATYPE@@HU?$less@W4SIMCONNECT_DATATYPE@@@std@@V?$allocator@U?$pair@$$CBW4SIMCONNECT_DATATYPE@@H@std@@@3@$0A@@std@@@std@@IEAA?AV?$_Tree_iterator@V?$_Tree_val@U?$_Tree_simple_types@U?$pair@$$CBW4SIMCONNECT_DATATYPE@@H@std@@@std@@@std@@@1@V?$_Tree_const_iterator@V?$_Tree_val@U?$_Tree_simple_types@U?$pair@$$CBW4SIMCONNECT_DATATYPE@@H@std@@@std@@@std@@@1@AEAU?$pair@$$CBW4SIMCONNECT_DATATYPE@@H@1@PEAU?$_Tree_node@U?$pair@$$CBW4SIMCONNECT_DATATYPE@@H@std@@PEAX@1@@Z 0000000180007f50 f i addon.obj
 0001:00007180       ??$_Insert_hint@AEAU?$pair@$$CBW4SIMCONNECT_EXCEPTION@@PEBD@std@@PEAU?$_Tree_node@U?$pair@$$CBW4SIMCONNECT_EXCEPTION@@PEBD@std@@PEAX@2@@?$_Tree@V?$_Tmap_traits@W4SIMCONNECT_EXCEPTION@@PEBDU?$less@W4SIMCONNECT_EXCEPTION@@@std@@V?$allocator@U?$pair@$$CBW4SIMCONNECT_EXCEPTION@@PEBD@std@@@3@$0A@@std@@@std@@IEAA?AV?$_Tree_iterator@V?$_Tree_val@U?$_Tree_simple_types@U?$pair@$$CBW4SIMCONNECT_EXCEPTION@@PEBD@std@@@std@@@std@@@1@V?$_Tree_const_iterator@V?$_Tree_val@U?$_Tree_simple_types@U?$pair@$$CBW4SIMCONNECT_EXCEPTION@@PEBD@std@@@std@@@std@@@1@AEAU?$pair@$$CBW4SIMCONNECT_EXCEPTION@@PEBD@1@PEAU?$_Tree_node@U?$pair@$$CBW4SIMCONNECT_EXCEPTION@@PEBD@std@@PEAX@1@@Z 0000000180008180 f i addon.obj
 0001:000073b0       ??$_Insert_hint@AEAU?$pair@$$CBHPEAVCallback@Nan@@@std@@PEAU?$_Tree_node@U?$pair@$$CBHPEAVCallback@Nan@@@std@@PEAX@2@@?$_Tree@V?$_Tmap_traits@HPEAVCallback@Nan@@U?$less@H@std@@V?$allocator@U?$pair@$$CBHPEAVCallback@Nan@@@std@@@4@$0A@@std@@@std@@IEAA?AV?$_Tree_iterator@V?$_Tree_val@U?$_Tree_simple_types@U?$pair@$$CBHPEAVCallback@Nan@@@std@@@std@@@std@@@1@V?$_Tree_const_iterator@V?$_Tree_val@U?$_Tree_simple_types@U?$pair@$$CBHPEAVCallback@Nan@@@std@@@std@@@std@@@1@AEAU?$pair@$$CBHPEAVCallback@Nan@@@1@PEAU?$_Tree_node@U?$pair@$$CBHPEAVCallback@Nan@@@std@@PEAX@1@@Z 00000001800083b0 f i addon.obj
 0001:00007600       ??$_Insert_hint@AEAU?$pair@$$CBHUDataRequest@@@std@@PEAU?$_Tree_node@U?$pair@$$CBHUDataRequest@@@std@@PEAX@2@@?$_Tree@V?$_Tmap_traits@HUDataRequest@@U?$less@H@std@@V?$allocator@U?$pair@$$CBHUDataRequest@@@std@@@3@$0A@@std@@@std@@IEAA?AV?$_Tree_iterator@V?$_Tree_val@U?$_Tree_simple_types@U?$pair@$$CBHUDataRequest@@@std@@@std@@@std@@@1@V?$_Tree_const_iterator@V?$_Tree_val@U?$_Tree_simple_types@U?$pair@$$CBHUDataRequest@@@std@@@std@@@std@@@1@AEAU?$pair@$$CBHUDataRequest@@@1@PEAU?$_Tree_node@U?$pair@$$CBHUDataRequest@@@std@@PEAX@1@@Z 0000000180008600 f i addon.obj
 0001:00007830       ??$_Insert_at@AEAU?$pair@$$CBW4SIMCONNECT_DATATYPE@@H@std@@PEAU?$_Tree_node@U?$pair@$$CBW4SIMCONNECT_DATATYPE@@H@std@@PEAX@2@@?$_Tree@V?$_Tmap_traits@W4SIMCONNECT_DATATYPE@@HU?$less@W4SIMCONNECT_DATATYPE@@@std@@V?$allocator@U?$pair@$$CBW4SIMCONNECT_DATATYPE@@H@std@@@3@$0A@@std@@@std@@IEAA?AV?$_Tree_iterator@V?$_Tree_val@U?$_Tree_simple_types@U?$pair@$$CBW4SIMCONNECT_DATATYPE@@H@std@@@std@@@std@@@1@_NPEAU?$_Tree_node@U?$pair@$$CBW4SIMCONNECT_DATATYPE@@H@std@@PEAX@1@AEAU?$pair@$$CBW4SIMCONNECT_DATATYPE@@H@1@1@Z 0000000180008830 f i addon.obj
 0001:00007b00       ??$_Insert_nohint@AEAU?$pair@$$CBW4SIMCONNECT_DATATYPE@@H@std@@PEAU?$_Tree_node@U?$pair@$$CBW4SIMCONNECT_DATATYPE@@H@std@@PEAX@2@@?$_Tree@V?$_Tmap_traits@W4SIMCONNECT_DATATYPE@@HU?$less@W4SIMCONNECT_DATATYPE@@@std@@V?$allocator@U?$pair@$$CBW4SIMCONNECT_DATATYPE@@H@std@@@3@$0A@@std@@@std@@IEAA?AU?$pair@V?$_Tree_iterator@V?$_Tree_val@U?$_Tree_simple_types@U?$pair@$$CBW4SIMCONNECT_DATATYPE@@H@std@@@std@@@std@@@std@@_N@1@_NAEAU?$pair@$$CBW4SIMCONNECT_DATATYPE@@H@1@PEAU?$_Tree_node@U?$pair@$$CBW4SIMCONNECT_DATATYPE@@H@std@@PEAX@1@@Z 0000000180008b00 f i addon.obj
 0001:00007c20       ??$_Insert_at@AEAU?$pair@$$CBW4SIMCONNECT_EXCEPTION@@PEBD@std@@PEAU?$_Tree_node@U?$pair@$$CBW4SIMCONNECT_EXCEPTION@@PEBD@std@@PEAX@2@@?$_Tree@V?$_Tmap_traits@W4SIMCONNECT_EXCEPTION@@PEBDU?$less@W4SIMCONNECT_EXCEPTION@@@std@@V?$allocator@U?$pair@$$CBW4SIMCONNECT_EXCEPTION@@PEBD@std@@@3@$0A@@std@@@std@@IEAA?AV?$_Tree_iterator@V?$_Tree_val@U?$_Tree_simple_types@U?$pair@$$CBW4SIMCONNECT_EXCEPTION@@PEBD@std@@@std@@@std@@@1@_NPEAU?$_Tree_node@U?$pair@$$CBW4SIMCONNECT_EXCEPTION@@PEBD@std@@PEAX@1@AEAU?$pair@$$CBW4SIMCONNECT_EXCEPTION@@PEBD@1@1@Z 0000000180008c20 f i addon.obj
 0001:00007ef0       ??$_Insert_nohint@AEAU?$pair@$$CBW4SIMCONNECT_EXCEPTION@@PEBD@std@@PEAU?$_Tree_node@U?$pair@$$CBW4SIMCONNECT_EXCEPTION@@PEBD@std@@PEAX@2@@?$_Tree@V?$_Tmap_traits@W4SIMCONNECT_EXCEPTION@@PEBDU?$less@W4SIMCONNECT_EXCEPTION@@@std@@V?$allocator@U?$pair@$$CBW4SIMCONNECT_EXCEPTION@@PEBD@std@@@3@$0A@@std@@@std@@IEAA?AU?$pair@V?$_Tree_iterator@V?$_Tree_val@U?$_Tree_simple_types@U?$pair@$$CBW4SIMCONNECT_EXCEPTION@@PEBD@std@@@std@@@std@@@std@@_N@1@_NAEAU?$pair@$$CBW4SIMCONNECT_EXCEPTION@@PEBD@1@PEAU?$_Tree_node@U?$pair@$$CBW4SIMCONNECT_EXCEPTION@@PEBD@std@@PEAX@1@@Z 0000000180008ef0 f i addon.obj
 0001:00008010       ??$_Insert_at@AEAU?$pair@$$CBHPEAVCallback@Nan@@@std@@PEAU?$_Tree_node@U?$pair@$$CBHPEAVCallback@Nan@@@std@@PEAX@2@@?$_Tree@V?$_Tmap_traits@HPEAVCallback@Nan@@U?$less@H@std@@V?$allocator@U?$pair@$$CBHPEAVCallback@Nan@@@std@@@4@$0A@@std@@@std@@IEAA?AV?$_Tree_iterator@V?$_Tree_val@U?$_Tree_simple_types@U?$pair@$$CBHPEAVCallback@Nan@@@std@@@std@@@std@@@1@_NPEAU?$_Tree_node@U?$pair@$$CBHPEAVCallback@Nan@@@std@@PEAX@1@AEAU?$pair@$$CBHPEAVCallback@Nan@@@1@1@Z 0000000180009010 f i addon.obj
 0001:000082c0       ??$_Insert_nohint@AEAU?$pair@$$CBHPEAVCallback@Nan@@@std@@PEAU?$_Tree_node@U?$pair@$$CBHPEAVCallback@Nan@@@std@@PEAX@2@@?$_Tree@V?$_Tmap_traits@HPEAVCallback@Nan@@U?$less@H@std@@V?$allocator@U?$pair@$$CBHPEAVCallback@Nan@@@std@@@4@$0A@@std@@@std@@IEAA?AU?$pair@V?$_Tree_iterator@V?$_Tree_val@U?$_Tree_simple_types@U?$pair@$$CBHPEAVCallback@Nan@@@std@@@std@@@std@@@std@@_N@1@_NAEAU?$pair@$$CBHPEAVCallback@Nan@@@1@PEAU?$_Tree_node@U?$pair@$$CBHPEAVCallback@Nan@@@std@@PEAX@1@@Z 00000001800092c0 f i addon.obj
 0001:000083e0       ??$_Insert_at@AEAU?$pair@$$CBHUDataRequest@@@std@@PEAU?$_Tree_node@U?$pair@$$CBHUDataRequest@@@std@@PEAX@2@@?$_Tree@V?$_Tmap_traits@HUDataRequest@@U?$less@H@std@@V?$allocator@U?$pair@$$CBHUDataRequest@@@std@@@3@$0A@@std@@@std@@IEAA?AV?$_Tree_iterator@V?$_Tree_val@U?$_Tree_simple_types@U?$pair@$$CBHUDataRequest@@@std@@@std@@@std@@@1@_NPEAU?$_Tree_node@U?$pair@$$CBHUDataRequest@@@std@@PEAX@1@AEAU?$pair@$$CBHUDataRequest@@@1@1@Z 00000001800093e0 f i addon.obj
 0001:000086c0       ??$_Insert_nohint@AEAU?$pair@$$CBHUDataRequest@@@std@@PEAU?$_Tree_node@U?$pair@$$CBHUDataRequest@@@std@@PEAX@2@@?$_Tree@V?$_Tmap_traits@HUDataRequest@@U?$less@H@std@@V?$allocator@U?$pair@$$CBHUDataRequest@@@std@@@3@$0A@@std@@@std@@IEAA?AU?$pair@V?$_Tree_iterator@V?$_Tree_val@U?$_Tree_simple_types@U?$pair@$$CBHUDataRequest@@@std@@@std@@@std@@@std@@_N@1@_NAEAU?$pair@$$CBHUDataRequest@@@1@PEAU?$_Tree_node@U?$pair@$$CBHUDataRequest@@@std@@PEAX@1@@Z 00000001800096c0 f i addon.obj
 0001:0000883e       __imp_load_uv_sem_wait     000000018000983e f   node:node.exe
 0001:0000884a       __tailMerge_node_exe       000000018000984a f i node:node.exe
 0001:000088c3       __imp_load_uv_queue_work   00000001800098c3 f   node:node.exe
 0001:000088cf       __imp_load_?Global@Context@v8@@QEAA?AV?$Local@VObject@v8@@@2@XZ 00000001800098cf f   node:node.exe
 0001:000088db       __imp_load_?New@Integer@v8@@SA?AV?$Local@VInteger@v8@@@2@PEAVIsolate@2@H@Z 00000001800098db f   node:node.exe
 0001:000088e7       __imp_load_?GetCurrentContext@Isolate@v8@@QEAA?AV?$Local@VContext@v8@@@2@XZ 00000001800098e7 f   node:node.exe
 0001:000088f3       __imp_load_?GetCurrent@Isolate@v8@@SAPEAV12@XZ 00000001800098f3 f   node:node.exe
 0001:000088ff       __imp_load_?CreateHandle@HandleScope@v8@@KAPEAPEAVObject@internal@2@PEAVIsolate@42@PEAV342@@Z 00000001800098ff f   node:node.exe
 0001:0000890b       __imp_load_??1HandleScope@v8@@QEAA@XZ 000000018000990b f   node:node.exe
 0001:00008917       __imp_load_??0HandleScope@v8@@QEAA@PEAVIsolate@1@@Z 0000000180009917 f   node:node.exe
 0001:00008923       __imp_load_?Error@Exception@v8@@SA?AV?$Local@VValue@v8@@@2@V?$Local@VString@v8@@@2@@Z 0000000180009923 f   node:node.exe
 0001:0000892f       __imp_load_?New@Array@v8@@SA?AV?$Local@VArray@v8@@@2@PEAVIsolate@2@H@Z 000000018000992f f   node:node.exe
 0001:0000893b       __imp_load_?Length@Array@v8@@QEBAIXZ 000000018000993b f   node:node.exe
 0001:00008947       __imp_load_?GetFunction@FunctionTemplate@v8@@QEAA?AV?$Local@VFunction@v8@@@2@XZ 0000000180009947 f   node:node.exe
 0001:00008953       __imp_load_?New@FunctionTemplate@v8@@SA?AV?$Local@VFunctionTemplate@v8@@@2@PEAVIsolate@2@P6AXAEBV?$FunctionCallbackInfo@VValue@v8@@@2@@ZV?$Local@VValue@v8@@@2@V?$Local@VSignature@v8@@@2@HW4ConstructorBehavior@2@@Z 0000000180009953 f   node:node.exe
 0001:0000895f       __imp_load_?ToLocalEmpty@V8@v8@@CAXXZ 000000018000995f f   node:node.exe
 0001:0000896b       __imp_load_?DisposeGlobal@V8@v8@@CAXPEAPEAVObject@internal@2@@Z 000000018000996b f   node:node.exe
 0001:00008977       __imp_load_?GlobalizeReference@V8@v8@@CAPEAPEAVObject@internal@2@PEAVIsolate@42@PEAPEAV342@@Z 0000000180009977 f   node:node.exe
 0001:00008983       __imp_load_?Int32Value@Value@v8@@QEBAHXZ 0000000180009983 f   node:node.exe
 0001:0000898f       __imp_load_?IntegerValue@Value@v8@@QEBA_JXZ 000000018000998f f   node:node.exe
 0001:0000899b       __imp_load_?NumberValue@Value@v8@@QEBANXZ 000000018000999b f   node:node.exe
 0001:000089a7       __imp_load_?ToObject@Value@v8@@QEBA?AV?$Local@VObject@v8@@@2@PEAVIsolate@2@@Z 00000001800099a7 f   node:node.exe
 0001:000089b3       __imp_load_?IsArray@Value@v8@@QEBA_NXZ 00000001800099b3 f   node:node.exe
 0001:000089bf       __imp_load_?Escape@EscapableHandleScope@v8@@AEAAPEAPEAVObject@internal@2@PEAPEAV342@@Z 00000001800099bf f   node:node.exe
 0001:000089cb       __imp_load_??0EscapableHandleScope@v8@@QEAA@PEAVIsolate@1@@Z 00000001800099cb f   node:node.exe
 0001:000089d7       __imp_load_??1Utf8Value@String@v8@@QEAA@XZ 00000001800099d7 f   node:node.exe
 0001:000089e3       __imp_load_??0Utf8Value@String@v8@@QEAA@V?$Local@VValue@v8@@@2@@Z 00000001800099e3 f   node:node.exe
 0001:000089ef       __imp_load_?NewFromOneByte@String@v8@@SA?AV?$Local@VString@v8@@@2@PEAVIsolate@2@PEBEW4NewStringType@12@H@Z 00000001800099ef f   node:node.exe
 0001:000089fb       __imp_load_?NewFromUtf8@String@v8@@SA?AV?$Local@VString@v8@@@2@PEAVIsolate@2@PEBDW4NewStringType@12@H@Z 00000001800099fb f   node:node.exe
 0001:00008a07       __imp_load_?NewFromUtf8@String@v8@@SA?AV?$MaybeLocal@VString@v8@@@2@PEAVIsolate@2@PEBDW4NewStringType@2@H@Z 0000000180009a07 f   node:node.exe
 0001:00008a13       __imp_load_?New@Number@v8@@SA?AV?$Local@VNumber@v8@@@2@PEAVIsolate@2@N@Z 0000000180009a13 f   node:node.exe
 0001:00008a1f       __imp_load_?New@Object@v8@@SA?AV?$Local@VObject@v8@@@2@PEAVIsolate@2@@Z 0000000180009a1f f   node:node.exe
 0001:00008a2b       __imp_load_?HasOwnProperty@Object@v8@@QEAA_NV?$Local@VString@v8@@@2@@Z 0000000180009a2b f   node:node.exe
 0001:00008a37       __imp_load_?Get@Object@v8@@QEAA?AV?$Local@VValue@v8@@@2@V32@@Z 0000000180009a37 f   node:node.exe
 0001:00008a43       __imp_load_?Get@Object@v8@@QEAA?AV?$Local@VValue@v8@@@2@I@Z 0000000180009a43 f   node:node.exe
 0001:00008a4f       __imp_load_?Set@Object@v8@@QEAA_NV?$Local@VValue@v8@@@2@0@Z 0000000180009a4f f   node:node.exe
 0001:00008a5b       __imp_load_?SetName@Function@v8@@QEAAXV?$Local@VString@v8@@@2@@Z 0000000180009a5b f   node:node.exe
 0001:00008a67       __imp_load_node_module_register 0000000180009a67 f   node:node.exe
 0001:00008a73       __imp_load_?MakeCallback@node@@YA?AV?$Local@VValue@v8@@@v8@@PEAVIsolate@3@V?$Local@VObject@v8@@@3@V?$Local@VFunction@v8@@@3@HPEAV23@@Z 0000000180009a73 f   node:node.exe
 0001:00008a7f       __imp_load_uv_sem_post     0000000180009a7f f   node:node.exe
 0001:00008a8b       __imp_load_uv_async_send   0000000180009a8b f   node:node.exe
 0001:00008a97       __imp_load_uv_async_init   0000000180009a97 f   node:node.exe
 0001:00008aa3       __imp_load_uv_sem_init     0000000180009aa3 f   node:node.exe
 0001:00008aaf       __imp_load_uv_default_loop 0000000180009aaf f   node:node.exe
 0001:00008abb       __imp_load_?ToString@Value@v8@@QEBA?AV?$Local@VString@v8@@@2@XZ 0000000180009abb f   node:node.exe
 0001:00008ad0       SimConnect_AddToDataDefinition 0000000180009ad0 f   SimConnect:SimConnectClient.obj
 0001:00008ca0       SimConnect_CallDispatch    0000000180009ca0 f   SimConnect:SimConnectClient.obj
 0001:00008cf0       SimConnect_Close           0000000180009cf0 f   SimConnect:SimConnectClient.obj
 0001:00008d40       SimConnect_GetNextDispatch 0000000180009d40 f   SimConnect:SimConnectClient.obj
 0001:00008d90       SimConnect_MapClientEventToSimEvent 0000000180009d90 f   SimConnect:SimConnectClient.obj
 0001:00008eb0       SimConnect_Open            0000000180009eb0 f   SimConnect:SimConnectClient.obj
 0001:00009070       SimConnect_RequestDataOnSimObject 000000018000a070 f   SimConnect:SimConnectClient.obj
 0001:000091a0       SimConnect_RequestSystemState 000000018000a1a0 f   SimConnect:SimConnectClient.obj
 0001:000092c0       SimConnect_RetrieveString  000000018000a2c0 f   SimConnect:SimConnectClient.obj
 0001:00009370       SimConnect_SetDataOnSimObject 000000018000a370 f   SimConnect:SimConnectClient.obj
 0001:000094b0       SimConnect_SubscribeToSystemEvent 000000018000a4b0 f   SimConnect:SimConnectClient.obj
 0001:000095d0       SimConnect_TransmitClientEvent 000000018000a5d0 f   SimConnect:SimConnectClient.obj
 0001:000096d0       ??0ClientClient@@QEAA@W4CLIENTTYPE@CClient@@@Z 000000018000a6d0 f   SimConnect:commClient.obj
 0001:00009820       ??1?$AutoWait@VAutoCriticalSection@@@@QEAA@XZ 000000018000a820 f i SimConnect:commClient.obj
 0001:00009830       ??1?$TSmartPtr@VQueueItem@@@@QEAA@XZ 000000018000a830 f i SimConnect:commClient.obj
 0001:00009870       ??1ClientClient@@UEAA@XZ   000000018000a870 f   SimConnect:commClient.obj
 0001:00009940       ??_EClientClient@@UEAAPEAXI@Z 000000018000a940 f i SimConnect:commClient.obj
 0001:00009940       ??_GClientClient@@UEAAPEAXI@Z 000000018000a940 f i SimConnect:commClient.obj
 0001:00009980       ??_EQueueItem@@MEAAPEAXI@Z 000000018000a980 f i SimConnect:commClient.obj
 0001:00009980       ??_GQueueItem@@MEAAPEAXI@Z 000000018000a980 f i SimConnect:commClient.obj
 0001:000099d0       ?AddElement@?$CQueue@V?$TSmartPtr@VQueueItem@@@@@@QEAAHAEBV?$TSmartPtr@VQueueItem@@@@@Z 000000018000a9d0 f i SimConnect:commClient.obj
 0001:00009a80       ?AddElement@?$CThreadSafeQueue@V?$TSmartPtr@VQueueItem@@@@@@QEAAHAEBV?$TSmartPtr@VQueueItem@@@@@Z 000000018000aa80 f i SimConnect:commClient.obj
 0001:00009b80       ?ClientPutInQueue@@YAXKKIPEAX@Z 000000018000ab80 f   SimConnect:commClient.obj
 0001:00009c90       ?Close@ClientClient@@UEAAXW4CLIENTERROR@@K@Z 000000018000ac90 f   SimConnect:commClient.obj
 0001:00009cf0       ?CommClient_AutoFlush@@YA?AW4CC_RESULT@@PEAX@Z 000000018000acf0 f   SimConnect:commClient.obj
 0001:00009d10       ?CommClient_Close@@YA?AW4CC_RESULT@@PEAX@Z 000000018000ad10 f   SimConnect:commClient.obj
 0001:00009eb0       ?CommClient_GetErrors@@YA?AW4CC_RESULT@@PEAXAEAHAEAK@Z 000000018000aeb0 f   SimConnect:commClient.obj
 0001:00009ed0       ?CommClient_GetReceive@@YA?AW4CC_RESULT@@PEAXPEAPEAUSIMCONNECT_RECV@@PEAK@Z 000000018000aed0 f   SimConnect:commClient.obj
 0001:0000a020       ?CommClient_Open@@YA?AW4CC_RESULT@@PEAPEAXK@Z 000000018000b020 f   SimConnect:commClient.obj
 0001:0000a6d0       ?CommClient_ReceiveDispatch@@YA?AW4CC_RESULT@@PEAXP6AXPEAUSIMCONNECT_RECV@@K0@Z0@Z 000000018000b6d0 f   SimConnect:commClient.obj
 0001:0000a880       ?CommClient_SendAbort@@YA?AW4CC_RESULT@@PEAXPEAUSIMCONNECT_SEND@@K@Z 000000018000b880 f   SimConnect:commClient.obj
 0001:0000a980       ?CommClient_SendAllocate@@YA?AW4CC_RESULT@@PEAXPEAPEAUSIMCONNECT_SEND@@K@Z 000000018000b980 f   SimConnect:commClient.obj
 0001:0000aae0       ?CommClient_SendFlush@@YA?AW4CC_RESULT@@PEAX@Z 000000018000bae0 f   SimConnect:commClient.obj
 0001:0000ac80       ?CommClient_SetReceive@@YA?AW4CC_RESULT@@PEAXP6AXPEAUSIMCONNECT_RECV@@K0@ZPEAUHWND__@@K0@Z 000000018000bc80 f   SimConnect:commClient.obj
 0001:0000acb0       ?Connect@ClientClient@@QEAA_NHPEB_W0I_N@Z 000000018000bcb0 f   SimConnect:commClient.obj
 0001:0000af90       ?DeleteAll@?$CQueue@V?$TSmartPtr@VQueueItem@@@@@@QEAAHXZ 000000018000bf90 f i SimConnect:commClient.obj
 0001:0000b020       ?ExtractElement@?$CQueue@V?$TSmartPtr@VQueueItem@@@@@@QEAAHAEAV?$TSmartPtr@VQueueItem@@@@@Z 000000018000c020 f i SimConnect:commClient.obj
 0001:0000b100       ?GetRegistryPort@@YA_N_NPEA_W@Z 000000018000c100 f   SimConnect:commClient.obj
 0001:0000b1d0       ?New@QueueItem@@SA?AV?$TSmartPtr@VQueueItem@@@@PEBXIHK@Z 000000018000c1d0 f i SimConnect:commClient.obj
 0001:0000b280       ?ProcessPacket@ClientClient@@UEAA?AW4PROCESSPACKET@CClient@@PEAVtagPacket@@@Z 000000018000c280 f   SimConnect:commClient.obj
 0001:0000b370       ?Reset@ClientClient@@UEAAXXZ 000000018000c370 f   SimConnect:commClient.obj
 0001:0000b490       ?StringCbPrintfW@@YAJPEA_W_KPEB_WZZ 000000018000c490 f i SimConnect:commClient.obj
 0001:0000b560       ?Unlink@ClientClient@@QEAAXXZ 000000018000c560 f   SimConnect:commClient.obj
 0001:0000b640       ?WinSockStartup@@YA_NXZ    000000018000c640 f   SimConnect:commClient.obj
 0001:0000b6c0       ?_Reallocate@?$vector@UCLIENT_INPROC_ALLOC@@V?$allocator@UCLIENT_INPROC_ALLOC@@@std@@@std@@IEAAX_K@Z 000000018000c6c0 f i SimConnect:commClient.obj
 0001:0000b790       ?_Reserve@?$vector@UCLIENT_INPROC_ALLOC@@V?$allocator@UCLIENT_INPROC_ALLOC@@@std@@@std@@IEAAX_K@Z 000000018000c790 f i SimConnect:commClient.obj
 0001:0000b860       ?allocate@?$allocator@UCLIENT_INPROC_ALLOC@@@std@@QEAAPEAUCLIENT_INPROC_ALLOC@@_K@Z 000000018000c860 f i SimConnect:commClient.obj
 0001:0000b8e0       ?deallocate@?$allocator@UCLIENT_INPROC_ALLOC@@@std@@QEAAXPEAUCLIENT_INPROC_ALLOC@@_K@Z 000000018000c8e0 f i SimConnect:commClient.obj
 0001:0000b960       ?push_back@?$vector@UCLIENT_INPROC_ALLOC@@V?$allocator@UCLIENT_INPROC_ALLOC@@@std@@@std@@QEAAXAEBUCLIENT_INPROC_ALLOC@@@Z 000000018000c960 f i SimConnect:commClient.obj
 0001:0000ba30       ?readConfigFile@@YAXPEA_WKAEAH00AEAIAEA_N@Z 000000018000ca30 f   SimConnect:commClient.obj
 0001:0000bd90       ?validateConfigIndex@@YA?AW4CC_RESULT@@K@Z 000000018000cd90 f   SimConnect:commClient.obj
 0001:0000bef0       ?validateConfigIndexFile@@YA?AW4CC_RESULT@@PEA_WK@Z 000000018000cef0 f   SimConnect:commClient.obj
 0001:0000bfc0       ??0CClient@@QEAA@W4CLIENTTYPE@0@@Z 000000018000cfc0 f   SimConnect:client.obj
 0001:0000c0a0       ??1CClient@@UEAA@XZ        000000018000d0a0 f   SimConnect:client.obj
 0001:0000c0e0       ??_GCClient@@UEAAPEAXI@Z   000000018000d0e0 f i SimConnect:client.obj
 0001:0000c0e0       ??_ECClient@@UEAAPEAXI@Z   000000018000d0e0 f i SimConnect:client.obj
 0001:0000c140       ?Close@CClient@@UEAAXW4CLIENTERROR@@K@Z 000000018000d140 f   SimConnect:client.obj
 0001:0000c290       ?CreateInvalidPacket@CClient@@QEAAXPEAVtagPacket@@@Z 000000018000d290 f   SimConnect:client.obj
 0001:0000c2d0       ?Deinit@CClient@@QEAAXXZ   000000018000d2d0 f   SimConnect:client.obj
 0001:0000c370       ?DoneIO@CClient@@SAXKKPEAU_OVERLAPPED@@@Z 000000018000d370 f   SimConnect:client.obj
 0001:0000c540       ?Init@CClient@@QEAAX_NTSOCKETHANDLE@@HI0@Z 000000018000d540 f   SimConnect:client.obj
 0001:0000c670       ?IsProtocolAvailable@CClient@@SA_N_N@Z 000000018000d670 f   SimConnect:client.obj
 0001:0000c7b0       ?IssueNetRead@CClient@@QEAAXXZ 000000018000d7b0 f   SimConnect:client.obj
 0001:0000c8a0       ?Maintenance@CClient@@QEAA_NXZ 000000018000d8a0 f   SimConnect:client.obj
 0001:0000c940       ?ProcessPacket@CClient@@MEAA?AW4PROCESSPACKET@1@PEAVtagPacket@@@Z 000000018000d940 f   SimConnect:client.obj
 0001:0000c940       __scrt_stub_for_is_c_termination_complete 000000018000d940 f   MSVCRT:ucrt_stubs.obj
 0001:0000c940       _is_c_termination_complete 000000018000d940 f   MSVCRT:ucrt_stubs.obj
 0001:0000c950       ?Read@CClient@@AEAA?AW4READRESULT@1@PEAVtagPacket@@@Z 000000018000d950 f   SimConnect:client.obj
 0001:0000cb80       ?Release@CClient@@QEAA_NXZ 000000018000db80 f i SimConnect:client.obj
 0001:0000cbc0       ?Reset@CClient@@UEAAXXZ    000000018000dbc0 f   SimConnect:client.obj
 0001:0000ccf0       ?XNetWrite@CClient@@AEAA_N_N@Z 000000018000dcf0 f   SimConnect:client.obj
 0001:0000ce90       ?XWrite@CClient@@QEAA_NAEBV?$TSmartPtr@VQueueItem@@@@@Z 000000018000de90 f   SimConnect:client.obj
 0001:0000cf30       __security_check_cookie    000000018000df30 f   MSVCRT:_amdsecgs_.obj
 0001:0000cf54       ??2@YAPEAX_K@Z             000000018000df54 f   MSVCRT:new_scalar.obj
 0001:0000cf90       __scrt_acquire_startup_lock 000000018000df90 f   MSVCRT:utility.obj
 0001:0000cfcc       __scrt_dllmain_after_initialize_c 000000018000dfcc f   MSVCRT:utility.obj
 0001:0000d000       __scrt_dllmain_before_initialize_c 000000018000e000 f   MSVCRT:utility.obj
 0001:0000d018       __scrt_dllmain_crt_thread_attach 000000018000e018 f   MSVCRT:utility.obj
 0001:0000d040       __scrt_dllmain_crt_thread_detach 000000018000e040 f   MSVCRT:utility.obj
 0001:0000d058       __scrt_dllmain_exception_filter 000000018000e058 f   MSVCRT:utility.obj
 0001:0000d0bc       __scrt_dllmain_uninitialize_c 000000018000e0bc f   MSVCRT:utility.obj
 0001:0000d0ec       __scrt_dllmain_uninitialize_critical 000000018000e0ec f   MSVCRT:utility.obj
 0001:0000d100       __scrt_initialize_crt      000000018000e100 f   MSVCRT:utility.obj
 0001:0000d14c       __scrt_initialize_onexit_tables 000000018000e14c f   MSVCRT:utility.obj
 0001:0000d218       __scrt_is_nonwritable_in_current_image 000000018000e218 f   MSVCRT:utility.obj
 0001:0000d2b4       __scrt_release_startup_lock 000000018000e2b4 f   MSVCRT:utility.obj
 0001:0000d2d8       __scrt_uninitialize_crt    000000018000e2d8 f   MSVCRT:utility.obj
 0001:0000d304       _onexit                    000000018000e304 f   MSVCRT:utility.obj
 0001:0000d354       atexit                     000000018000e354 f   MSVCRT:utility.obj
 0001:0000d36c       ??3@YAXPEAX@Z              000000018000e36c f   MSVCRT:delete_scalar.obj
 0001:0000d374       ??3@YAXPEAX_K@Z            000000018000e374 f   MSVCRT:delete_scalar_size.obj
 0001:0000d374       ??_V@YAXPEAX@Z             000000018000e374 f   MSVCRT:delete_array.obj
 0001:0000d6c8       _DllMainCRTStartup         000000018000e6c8 f   MSVCRT:dll_dllmain.obj
 0001:0000d708       ??_U@YAPEAX_K@Z            000000018000e708 f   MSVCRT:new_array.obj
 0001:0000d710       __GSHandlerCheck           000000018000e710 f   MSVCRT:_gshandler_.obj
 0001:0000d730       __GSHandlerCheckCommon     000000018000e730 f   MSVCRT:_gshandler_.obj
 0001:0000d78c       __GSHandlerCheck_EH        000000018000e78c f   MSVCRT:gshandlereh.obj
 0001:0000d820       __chkstk                   000000018000e820 f   MSVCRT:_chkstk_.obj
 0001:0000d820       _alloca_probe              000000018000e820 f   MSVCRT:_chkstk_.obj
 0001:0000d874       __raise_securityfailure    000000018000e874 f   MSVCRT:gs_report.obj
 0001:0000d8a8       __report_gsfailure         000000018000e8a8 f   MSVCRT:gs_report.obj
 0001:0000d9f0       ??0bad_alloc@std@@QEAA@AEBV01@@Z 000000018000e9f0 f i MSVCRT:throw_bad_alloc.obj
 0001:0000da30       ??0bad_alloc@std@@QEAA@XZ  000000018000ea30 f i MSVCRT:throw_bad_alloc.obj
 0001:0000da50       ??0bad_array_new_length@std@@QEAA@AEBV01@@Z 000000018000ea50 f i MSVCRT:throw_bad_alloc.obj
 0001:0000da90       ??0bad_array_new_length@std@@QEAA@XZ 000000018000ea90 f i MSVCRT:throw_bad_alloc.obj
 0001:0000dab0       ??0exception@std@@QEAA@AEBV01@@Z 000000018000eab0 f i MSVCRT:throw_bad_alloc.obj
 0001:0000dae8       ??1bad_alloc@std@@UEAA@XZ  000000018000eae8 f i MSVCRT:throw_bad_alloc.obj
 0001:0000dae8       ??1bad_array_new_length@std@@UEAA@XZ 000000018000eae8 f i MSVCRT:throw_bad_alloc.obj
 0001:0000dafc       ??_Ebad_alloc@std@@UEAAPEAXI@Z 000000018000eafc f i MSVCRT:throw_bad_alloc.obj
 0001:0000dafc       ??_Gexception@std@@UEAAPEAXI@Z 000000018000eafc f i MSVCRT:throw_bad_alloc.obj
 0001:0000dafc       ??_Ebad_array_new_length@std@@UEAAPEAXI@Z 000000018000eafc f i MSVCRT:throw_bad_alloc.obj
 0001:0000dafc       ??_Gbad_alloc@std@@UEAAPEAXI@Z 000000018000eafc f i MSVCRT:throw_bad_alloc.obj
 0001:0000dafc       ??_Eexception@std@@UEAAPEAXI@Z 000000018000eafc f i MSVCRT:throw_bad_alloc.obj
 0001:0000dafc       ??_Gbad_array_new_length@std@@UEAAPEAXI@Z 000000018000eafc f i MSVCRT:throw_bad_alloc.obj
 0001:0000db40       ?__scrt_throw_std_bad_alloc@@YAXXZ 000000018000eb40 f   MSVCRT:throw_bad_alloc.obj
 0001:0000db60       ?__scrt_throw_std_bad_array_new_length@@YAXXZ 000000018000eb60 f   MSVCRT:throw_bad_alloc.obj
 0001:0000db80       ?what@exception@std@@UEBAPEBDXZ 000000018000eb80 f i MSVCRT:throw_bad_alloc.obj
 0001:0000db94       __isa_available_init       000000018000eb94 f   MSVCRT:_cpu_disp_.obj
 0001:0000dd5c       _get_startup_argv_mode     000000018000ed5c f   MSVCRT:argv_mode.obj
 0001:0000dd64       __scrt_is_ucrt_dll_in_use  000000018000ed64 f   MSVCRT:ucrt_detection.obj
 0001:0000dd70       __scrt_fastfail            000000018000ed70 f   MSVCRT:utility_desktop.obj
 0001:0000deb8       _guard_check_icall         000000018000eeb8 f i MSVCRT:checkcfg.obj
 0001:0000dec0       __security_init_cookie     000000018000eec0 f   MSVCRT:gs_support.obj
 0001:0000df6c       DllMain                    000000018000ef6c f   MSVCRT:dll_dllmain_stub.obj
 0001:0000df90       ?__scrt_initialize_type_info@@YAXXZ 000000018000ef90 f   MSVCRT:tncleanup.obj
 0001:0000dfa0       ?__scrt_uninitialize_type_info@@YAXXZ 000000018000efa0 f   MSVCRT:tncleanup.obj
 0001:0000dfac       __local_stdio_scanf_options 000000018000efac f i MSVCRT:default_local_stdio_options.obj
 0001:0000dfb4       __scrt_initialize_default_local_stdio_options 000000018000efb4 f   MSVCRT:default_local_stdio_options.obj
 0001:0000dfd0       __scrt_get_dyn_tls_init_callback 000000018000efd0 f   MSVCRT:dyn_tls_init.obj
 0001:0000dfd8       _RTC_Initialize            000000018000efd8 f   MSVCRT:_initsect_.obj
 0001:0000e024       _RTC_Terminate             000000018000f024 f   MSVCRT:_initsect_.obj
 0001:0000e070       ??_Gtype_info@@UEAAPEAXI@Z 000000018000f070 f i MSVCRT:std_type_info_static.obj
 0001:0000e070       ??_Etype_info@@UEAAPEAXI@Z 000000018000f070 f i MSVCRT:std_type_info_static.obj
 0001:0000e0a0       _purecall                  000000018000f0a0 f   vcruntime:VCRUNTIME140.dll
 0001:0000e0a6       memcpy                     000000018000f0a6 f   vcruntime:VCRUNTIME140.dll
 0001:0000e0ac       _CxxThrowException         000000018000f0ac f   vcruntime:VCRUNTIME140.dll
 0001:0000e0b2       __CxxFrameHandler3         000000018000f0b2 f   vcruntime:VCRUNTIME140.dll
 0001:0000e0b8       memset                     000000018000f0b8 f   vcruntime:VCRUNTIME140.dll
 0001:0000e0be       __C_specific_handler       000000018000f0be f   vcruntime:VCRUNTIME140.dll
 0001:0000e0c4       __std_exception_copy       000000018000f0c4 f   vcruntime:VCRUNTIME140.dll
 0001:0000e0ca       __std_exception_destroy    000000018000f0ca f   vcruntime:VCRUNTIME140.dll
 0001:0000e0d0       __std_type_info_destroy_list 000000018000f0d0 f   vcruntime:VCRUNTIME140.dll
 0001:0000e0d6       _callnewh                  000000018000f0d6 f   ucrt:api-ms-win-crt-heap-l1-1-0.dll
 0001:0000e0dc       malloc                     000000018000f0dc f   ucrt:api-ms-win-crt-heap-l1-1-0.dll
 0001:0000e0e2       _seh_filter_dll            000000018000f0e2 f   ucrt:api-ms-win-crt-runtime-l1-1-0.dll
 0001:0000e0e8       _configure_narrow_argv     000000018000f0e8 f   ucrt:api-ms-win-crt-runtime-l1-1-0.dll
 0001:0000e0ee       _initialize_narrow_environment 000000018000f0ee f   ucrt:api-ms-win-crt-runtime-l1-1-0.dll
 0001:0000e0f4       _initialize_onexit_table   000000018000f0f4 f   ucrt:api-ms-win-crt-runtime-l1-1-0.dll
 0001:0000e0fa       _register_onexit_function  000000018000f0fa f   ucrt:api-ms-win-crt-runtime-l1-1-0.dll
 0001:0000e100       _execute_onexit_table      000000018000f100 f   ucrt:api-ms-win-crt-runtime-l1-1-0.dll
 0001:0000e106       _crt_atexit                000000018000f106 f   ucrt:api-ms-win-crt-runtime-l1-1-0.dll
 0001:0000e10c       _cexit                     000000018000f10c f   ucrt:api-ms-win-crt-runtime-l1-1-0.dll
 0001:0000e112       free                       000000018000f112 f   ucrt:api-ms-win-crt-heap-l1-1-0.dll
 0001:0000e118       _initterm                  000000018000f118 f   ucrt:api-ms-win-crt-runtime-l1-1-0.dll
 0001:0000e11e       _initterm_e                000000018000f11e f   ucrt:api-ms-win-crt-runtime-l1-1-0.dll
 0001:0000e124       IsProcessorFeaturePresent  000000018000f124 f   kernel32:KERNEL32.dll
 0001:0000e12a       SHGetKnownFolderPath       000000018000f12a f   shell32:SHELL32.dll
 0001:0000e130       ?DloadAcquireSectionWriteAccess@@YAXXZ 000000018000f130 f i DelayImp:delayhlp.obj
 0001:0000e1ec       ?DloadGetSRWLockFunctionPointers@@YAEXZ 000000018000f1ec f i DelayImp:delayhlp.obj
 0001:0000e288       ?DloadMakePermanentImageCommit@@YAXPEAX_K@Z 000000018000f288 f i DelayImp:delayhlp.obj
 0001:0000e320       ?DloadObtainSection@@YAPEAXPEAK0@Z 000000018000f320 f i DelayImp:delayhlp.obj
 0001:0000e3b8       ?DloadProtectSection@@YAXKPEAK@Z 000000018000f3b8 f i DelayImp:delayhlp.obj
 0001:0000e448       ?DloadReleaseSectionWriteAccess@@YAXXZ 000000018000f448 f i DelayImp:delayhlp.obj
 0001:0000e4ec       __delayLoadHelper2         000000018000f4ec f   DelayImp:delayhlp.obj
 0001:0000e7e8       __vcrt_initialize          000000018000f7e8 f   MSVCRT:ucrt_stubs.obj
 0001:0000e7e8       __acrt_uninitialize_critical 000000018000f7e8 f   MSVCRT:ucrt_stubs.obj
 0001:0000e7e8       __acrt_uninitialize        000000018000f7e8 f   MSVCRT:ucrt_stubs.obj
 0001:0000e7e8       __vcrt_thread_attach       000000018000f7e8 f   MSVCRT:ucrt_stubs.obj
 0001:0000e7e8       __scrt_stub_for_acrt_uninitialize_critical 000000018000f7e8 f   MSVCRT:ucrt_stubs.obj
 0001:0000e7e8       __vcrt_uninitialize_critical 000000018000f7e8 f   MSVCRT:ucrt_stubs.obj
 0001:0000e7e8       __scrt_stub_for_acrt_initialize 000000018000f7e8 f   MSVCRT:ucrt_stubs.obj
 0001:0000e7e8       __vcrt_thread_detach       000000018000f7e8 f   MSVCRT:ucrt_stubs.obj
 0001:0000e7e8       __scrt_stub_for_acrt_thread_detach 000000018000f7e8 f   MSVCRT:ucrt_stubs.obj
 0001:0000e7e8       __acrt_initialize          000000018000f7e8 f   MSVCRT:ucrt_stubs.obj
 0001:0000e7e8       __vcrt_uninitialize        000000018000f7e8 f   MSVCRT:ucrt_stubs.obj
 0001:0000e7e8       __acrt_thread_attach       000000018000f7e8 f   MSVCRT:ucrt_stubs.obj
 0001:0000e7e8       __scrt_stub_for_acrt_thread_attach 000000018000f7e8 f   MSVCRT:ucrt_stubs.obj
 0001:0000e7e8       __acrt_thread_detach       000000018000f7e8 f   MSVCRT:ucrt_stubs.obj
 0001:0000e7e8       __scrt_stub_for_acrt_uninitialize 000000018000f7e8 f   MSVCRT:ucrt_stubs.obj
 0001:0000e800       _guard_dispatch_icall_nop  000000018000f800 f   MSVCRT:_guard_dispatch_.obj
 0002:00000000       __imp_RegCloseKey          0000000180010000     advapi32:ADVAPI32.dll
 0002:00000008       __imp_RegQueryValueExW     0000000180010008     advapi32:ADVAPI32.dll
 0002:00000010       __imp_RegOpenKeyExW        0000000180010010     advapi32:ADVAPI32.dll
 0002:00000018       \177ADVAPI32_NULL_THUNK_DATA 0000000180010018     advapi32:ADVAPI32.dll
 0002:00000020       __imp_VirtualQuery         0000000180010020     kernel32:KERNEL32.dll
 0002:00000028       __imp_GetProcAddress       0000000180010028     kernel32:KERNEL32.dll
 0002:00000030       __imp_GetSystemInfo        0000000180010030     kernel32:KERNEL32.dll
 0002:00000038       __imp_RaiseException       0000000180010038     kernel32:KERNEL32.dll
 0002:00000040       __imp_GetModuleHandleA     0000000180010040     kernel32:KERNEL32.dll
 0002:00000048       __imp_VirtualProtect       0000000180010048     kernel32:KERNEL32.dll
 0002:00000050       __imp_FreeLibrary          0000000180010050     kernel32:KERNEL32.dll
 0002:00000058       __imp_Sleep                0000000180010058     kernel32:KERNEL32.dll
 0002:00000060       __imp_InitializeSListHead  0000000180010060     kernel32:KERNEL32.dll
 0002:00000068       __imp_DisableThreadLibraryCalls 0000000180010068     kernel32:KERNEL32.dll
 0002:00000070       __imp_GetSystemTimeAsFileTime 0000000180010070     kernel32:KERNEL32.dll
 0002:00000078       __imp_GetCurrentThreadId   0000000180010078     kernel32:KERNEL32.dll
 0002:00000080       __imp_GetModuleHandleW     0000000180010080     kernel32:KERNEL32.dll
 0002:00000088       __imp_IsDebuggerPresent    0000000180010088     kernel32:KERNEL32.dll
 0002:00000090       __imp_IsProcessorFeaturePresent 0000000180010090     kernel32:KERNEL32.dll
 0002:00000098       __imp_TerminateProcess     0000000180010098     kernel32:KERNEL32.dll
 0002:000000a0       __imp_GetCurrentProcess    00000001800100a0     kernel32:KERNEL32.dll
 0002:000000a8       __imp_SetUnhandledExceptionFilter 00000001800100a8     kernel32:KERNEL32.dll
 0002:000000b0       __imp_UnhandledExceptionFilter 00000001800100b0     kernel32:KERNEL32.dll
 0002:000000b8       __imp_RtlVirtualUnwind     00000001800100b8     kernel32:KERNEL32.dll
 0002:000000c0       __imp_RtlLookupFunctionEntry 00000001800100c0     kernel32:KERNEL32.dll
 0002:000000c8       __imp_RtlCaptureContext    00000001800100c8     kernel32:KERNEL32.dll
 0002:000000d0       __imp_CreateEventW         00000001800100d0     kernel32:KERNEL32.dll
 0002:000000d8       __imp_InitializeCriticalSection 00000001800100d8     kernel32:KERNEL32.dll
 0002:000000e0       __imp_CancelIo             00000001800100e0     kernel32:KERNEL32.dll
 0002:000000e8       __imp_CloseHandle          00000001800100e8     kernel32:KERNEL32.dll
 0002:000000f0       __imp_WriteFile            00000001800100f0     kernel32:KERNEL32.dll
 0002:000000f8       __imp_ReadFile             00000001800100f8     kernel32:KERNEL32.dll
 0002:00000100       __imp_BindIoCompletionCallback 0000000180010100     kernel32:KERNEL32.dll
 0002:00000108       __imp_GetPrivateProfileSectionW 0000000180010108     kernel32:KERNEL32.dll
 0002:00000110       __imp_GetPrivateProfileStringW 0000000180010110     kernel32:KERNEL32.dll
 0002:00000118       __imp_lstrcmpiW            0000000180010118     kernel32:KERNEL32.dll
 0002:00000120       __imp_GetCurrentProcessId  0000000180010120     kernel32:KERNEL32.dll
 0002:00000128       __imp_SetEvent             0000000180010128     kernel32:KERNEL32.dll
 0002:00000130       __imp_DeleteCriticalSection 0000000180010130     kernel32:KERNEL32.dll
 0002:00000138       __imp_InitializeCriticalSectionAndSpinCount 0000000180010138     kernel32:KERNEL32.dll
 0002:00000140       __imp_LeaveCriticalSection 0000000180010140     kernel32:KERNEL32.dll
 0002:00000148       __imp_EnterCriticalSection 0000000180010148     kernel32:KERNEL32.dll
 0002:00000150       __imp_WaitNamedPipeW       0000000180010150     kernel32:KERNEL32.dll
 0002:00000158       __imp_GetLastError         0000000180010158     kernel32:KERNEL32.dll
 0002:00000160       __imp_CreateFileW          0000000180010160     kernel32:KERNEL32.dll
 0002:00000168       __imp_GetCurrentDirectoryW 0000000180010168     kernel32:KERNEL32.dll
 0002:00000170       __imp_QueryPerformanceCounter 0000000180010170     kernel32:KERNEL32.dll
 0002:00000178       __imp_LoadLibraryExA       0000000180010178     kernel32:KERNEL32.dll
 0002:00000180       \177KERNEL32_NULL_THUNK_DATA 0000000180010180     kernel32:KERNEL32.dll
 0002:00000188       __imp_?_Xlength_error@std@@YAXPEBD@Z 0000000180010188     msvcprt:MSVCP140.dll
 0002:00000190       __imp_?_Xbad_alloc@std@@YAXXZ 0000000180010190     msvcprt:MSVCP140.dll
 0002:00000198       __imp_?_Xout_of_range@std@@YAXPEBD@Z 0000000180010198     msvcprt:MSVCP140.dll
 0002:000001a0       \177MSVCP140_NULL_THUNK_DATA 00000001800101a0     msvcprt:MSVCP140.dll
 0002:000001a8       __imp_SHGetKnownFolderPath 00000001800101a8     shell32:SHELL32.dll
 0002:000001b0       \177SHELL32_NULL_THUNK_DATA 00000001800101b0     shell32:SHELL32.dll
 0002:000001b8       __imp_PathCombineW         00000001800101b8     SimConnect:SHLWAPI.dll
 0002:000001c0       \177SHLWAPI_NULL_THUNK_DATA 00000001800101c0     SimConnect:SHLWAPI.dll
 0002:000001c8       __imp_PostMessageW         00000001800101c8     user32:USER32.dll
 0002:000001d0       __imp_FindWindowW          00000001800101d0     user32:USER32.dll
 0002:000001d8       __imp_GetWindowThreadProcessId 00000001800101d8     user32:USER32.dll
 0002:000001e0       __imp_SendMessageW         00000001800101e0     user32:USER32.dll
 0002:000001e8       \177USER32_NULL_THUNK_DATA 00000001800101e8     user32:USER32.dll
 0002:000001f0       __imp_memcpy               00000001800101f0     vcruntime:VCRUNTIME140.dll
 0002:000001f8       __imp_memset               00000001800101f8     vcruntime:VCRUNTIME140.dll
 0002:00000200       __imp___CxxFrameHandler3   0000000180010200     vcruntime:VCRUNTIME140.dll
 0002:00000208       __imp___C_specific_handler 0000000180010208     vcruntime:VCRUNTIME140.dll
 0002:00000210       __imp__purecall            0000000180010210     vcruntime:VCRUNTIME140.dll
 0002:00000218       __imp___std_exception_destroy 0000000180010218     vcruntime:VCRUNTIME140.dll
 0002:00000220       __imp___std_type_info_destroy_list 0000000180010220     vcruntime:VCRUNTIME140.dll
 0002:00000228       __imp__CxxThrowException   0000000180010228     vcruntime:VCRUNTIME140.dll
 0002:00000230       __imp_memmove              0000000180010230     vcruntime:VCRUNTIME140.dll
 0002:00000238       __imp___std_exception_copy 0000000180010238     vcruntime:VCRUNTIME140.dll
 0002:00000240       \177VCRUNTIME140_NULL_THUNK_DATA 0000000180010240     vcruntime:VCRUNTIME140.dll
 0002:00000248       __imp_WSASend              0000000180010248     SimConnect:WS2_32.dll
 0002:00000250       __imp_WSARecv              0000000180010250     SimConnect:WS2_32.dll
 0002:00000258       __imp_WSAGetLastError      0000000180010258     SimConnect:WS2_32.dll
 0002:00000260       __imp_shutdown             0000000180010260     SimConnect:WS2_32.dll
 0002:00000268       __imp_getsockopt           0000000180010268     SimConnect:WS2_32.dll
 0002:00000270       __imp_closesocket          0000000180010270     SimConnect:WS2_32.dll
 0002:00000278       __imp_FreeAddrInfoW        0000000180010278     SimConnect:WS2_32.dll
 0002:00000280       __imp_GetAddrInfoW         0000000180010280     SimConnect:WS2_32.dll
 0002:00000288       __imp_connect              0000000180010288     SimConnect:WS2_32.dll
 0002:00000290       __imp_WSACleanup           0000000180010290     SimConnect:WS2_32.dll
 0002:00000298       __imp_WSAStartup           0000000180010298     SimConnect:WS2_32.dll
 0002:000002a0       __imp_socket               00000001800102a0     SimConnect:WS2_32.dll
 0002:000002a8       __imp_setsockopt           00000001800102a8     SimConnect:WS2_32.dll
 0002:000002b0       \177WS2_32_NULL_THUNK_DATA 00000001800102b0     SimConnect:WS2_32.dll
 0002:000002b8       __imp__wtoi                00000001800102b8     ucrt:api-ms-win-crt-convert-l1-1-0.dll
 0002:000002c0       \177api-ms-win-crt-convert-l1-1-0_NULL_THUNK_DATA 00000001800102c0     ucrt:api-ms-win-crt-convert-l1-1-0.dll
 0002:000002c8       __imp_free                 00000001800102c8     ucrt:api-ms-win-crt-heap-l1-1-0.dll
 0002:000002d0       __imp_malloc               00000001800102d0     ucrt:api-ms-win-crt-heap-l1-1-0.dll
 0002:000002d8       __imp__callnewh            00000001800102d8     ucrt:api-ms-win-crt-heap-l1-1-0.dll
 0002:000002e0       \177api-ms-win-crt-heap-l1-1-0_NULL_THUNK_DATA 00000001800102e0     ucrt:api-ms-win-crt-heap-l1-1-0.dll
 0002:000002e8       __imp__initterm_e          00000001800102e8     ucrt:api-ms-win-crt-runtime-l1-1-0.dll
 0002:000002f0       __imp__invalid_parameter_noinfo_noreturn 00000001800102f0     ucrt:api-ms-win-crt-runtime-l1-1-0.dll
 0002:000002f8       __imp__initterm            00000001800102f8     ucrt:api-ms-win-crt-runtime-l1-1-0.dll
 0002:00000300       __imp__seh_filter_dll      0000000180010300     ucrt:api-ms-win-crt-runtime-l1-1-0.dll
 0002:00000308       __imp__configure_narrow_argv 0000000180010308     ucrt:api-ms-win-crt-runtime-l1-1-0.dll
 0002:00000310       __imp__initialize_narrow_environment 0000000180010310     ucrt:api-ms-win-crt-runtime-l1-1-0.dll
 0002:00000318       __imp__initialize_onexit_table 0000000180010318     ucrt:api-ms-win-crt-runtime-l1-1-0.dll
 0002:00000320       __imp__register_onexit_function 0000000180010320     ucrt:api-ms-win-crt-runtime-l1-1-0.dll
 0002:00000328       __imp__cexit               0000000180010328     ucrt:api-ms-win-crt-runtime-l1-1-0.dll
 0002:00000330       __imp__crt_atexit          0000000180010330     ucrt:api-ms-win-crt-runtime-l1-1-0.dll
 0002:00000338       __imp__execute_onexit_table 0000000180010338     ucrt:api-ms-win-crt-runtime-l1-1-0.dll
 0002:00000340       \177api-ms-win-crt-runtime-l1-1-0_NULL_THUNK_DATA 0000000180010340     ucrt:api-ms-win-crt-runtime-l1-1-0.dll
 0002:00000348       __imp___stdio_common_vswprintf 0000000180010348     ucrt:api-ms-win-crt-stdio-l1-1-0.dll
 0002:00000350       __imp___stdio_common_vfprintf 0000000180010350     ucrt:api-ms-win-crt-stdio-l1-1-0.dll
 0002:00000358       __imp___stdio_common_vsprintf 0000000180010358     ucrt:api-ms-win-crt-stdio-l1-1-0.dll
 0002:00000360       __imp___acrt_iob_func      0000000180010360     ucrt:api-ms-win-crt-stdio-l1-1-0.dll
 0002:00000368       \177api-ms-win-crt-stdio-l1-1-0_NULL_THUNK_DATA 0000000180010368     ucrt:api-ms-win-crt-stdio-l1-1-0.dll
 0002:00000370       __imp__stricmp             0000000180010370     ucrt:api-ms-win-crt-string-l1-1-0.dll
 0002:00000378       \177api-ms-win-crt-string-l1-1-0_NULL_THUNK_DATA 0000000180010378     ucrt:api-ms-win-crt-string-l1-1-0.dll
 0002:00000380       __imp_CoTaskMemFree        0000000180010380     ole32:ole32.dll
 0002:00000388       \177ole32_NULL_THUNK_DATA  0000000180010388     ole32:ole32.dll
 0002:00000390       __guard_check_icall_fptr   0000000180010390     MSVCRT:guard_support.obj
 0002:00000398       __guard_dispatch_icall_fptr 0000000180010398     MSVCRT:guard_support.obj
 0002:000003a0       __xc_a                     00000001800103a0     MSVCRT:initializers.obj
 0002:000003d8       _register_addon_           00000001800103d8     addon.obj
 0002:000003e0       __xc_z                     00000001800103e0     MSVCRT:initializers.obj
 0002:000003e8       __xi_a                     00000001800103e8     MSVCRT:initializers.obj
 0002:000003f0       __xi_z                     00000001800103f0     MSVCRT:initializers.obj
 0002:000003f8       __xp_a                     00000001800103f8     MSVCRT:initializers.obj
 0002:00000400       __xp_z                     0000000180010400     MSVCRT:initializers.obj
 0002:00000408       __xt_a                     0000000180010408     MSVCRT:initializers.obj
 0002:00000410       __xt_z                     0000000180010410     MSVCRT:initializers.obj
 0002:00000420       __sz_node_exe              0000000180010420     node:node.exe
 0002:00000760       ??_7QueueItem@@6B@         0000000180010760     SimConnect:commClient.obj
 0002:00000768       ??_C@_11LOCGONAA@?$AA?$AA@ 0000000180010768     SimConnect:commClient.obj
 0002:00000770       ??_7ClientClient@@6B@      0000000180010770     SimConnect:commClient.obj
 0002:00000798       ??_C@_1BC@HMOEBAG@?$AAF?$AAS?$AA9?$AA8?$AAM?$AAA?$AAI?$AAN?$AA?$AA@ 0000000180010798     SimConnect:commClient.obj
 0002:000007b0       ??_C@_1EK@MFHABGDI@?$AAS?$AAO?$AAF?$AAT?$AAW?$AAA?$AAR?$AAE?$AA?2?$AAL?$AAo?$AAc?$AAk?$AAh?$AAe?$AAe?$AAd?$AA?5?$AAM?$AAa?$AAr?$AAt?$AAi?$AAn?$AA?2?$AAP?$AAr?$AAe?$AAp?$AAa?$AAr?$AA3@ 00000001800107b0     SimConnect:commClient.obj
 0002:00000800       ??_C@_1BC@FPNDAGHF@?$AAP?$AAr?$AAo?$AAt?$AAo?$AAc?$AAo?$AAl?$AA?$AA@ 0000000180010800     SimConnect:commClient.obj
 0002:00000818       ??_C@_1BA@LDPMAPOD@?$AAA?$AAd?$AAd?$AAr?$AAe?$AAs?$AAs?$AA?$AA@ 0000000180010818     SimConnect:commClient.obj
 0002:00000828       ??_C@_19OBNDINH@?$AAP?$AAo?$AAr?$AAt?$AA?$AA@ 0000000180010828     SimConnect:commClient.obj
 0002:00000838       ??_C@_1BO@ILEGCKFN@?$AAM?$AAa?$AAx?$AAR?$AAe?$AAc?$AAe?$AAi?$AAv?$AAe?$AAS?$AAi?$AAz?$AAe?$AA?$AA@ 0000000180010838     SimConnect:commClient.obj
 0002:00000858       ??_C@_1BK@JHNHAGPC@?$AAD?$AAi?$AAs?$AAa?$AAb?$AAl?$AAe?$AAN?$AAa?$AAg?$AAl?$AAe?$AA?$AA@ 0000000180010858     SimConnect:commClient.obj
 0002:00000898       ??_7CClient@@6B@           0000000180010898     SimConnect:client.obj
 0002:000008c0       ??_C@_0BN@DLLMNLAE@CreateEvent?5failed?5with?5?$CFd?4?6?$AA@ 00000001800108c0     SimConnect:client.obj
 0002:000008e0       _pRawDllMain               00000001800108e0     MSVCRT:dll_dllmain.obj
 0002:000008e0       _pDefaultRawDllMain        00000001800108e0     MSVCRT:dll_dllmain.obj
 0002:00000900       ??_7exception@std@@6B@     0000000180010900     MSVCRT:throw_bad_alloc.obj
 0002:00000910       ??_C@_0BC@EOODALEL@Unknown?5exception?$AA@ 0000000180010910     MSVCRT:throw_bad_alloc.obj
 0002:00000930       ??_7bad_alloc@std@@6B@     0000000180010930     MSVCRT:throw_bad_alloc.obj
 0002:00000940       ??_C@_0P@GHFPNOJB@bad?5allocation?$AA@ 0000000180010940     MSVCRT:throw_bad_alloc.obj
 0002:00000958       ??_7bad_array_new_length@std@@6B@ 0000000180010958     MSVCRT:throw_bad_alloc.obj
 0002:00000968       ??_C@_0BF@KINCDENJ@bad?5array?5new?5length?$AA@ 0000000180010968     MSVCRT:throw_bad_alloc.obj
 0002:00000988       ??_7type_info@@6B@         0000000180010988     MSVCRT:std_type_info_static.obj
 0002:00000990       FOLDERID_PublicDocuments   0000000180010990     shell32:shguid.obj
 0002:000009a0       FOLDERID_Documents         00000001800109a0     shell32:shguid.obj
 0002:000009b0       ??_C@_1BK@DBDEIDLH@?$AAK?$AAE?$AAR?$AAN?$AAE?$AAL?$AA3?$AA2?$AA?4?$AAD?$AAL?$AAL?$AA?$AA@ 00000001800109b0     DelayImp:delayhlp.obj
 0002:000009d0       ??_C@_0BI@OMNLIJDB@AcquireSRWLockExclusive?$AA@ 00000001800109d0     DelayImp:delayhlp.obj
 0002:000009e8       ??_C@_0BI@HMIEPCNJ@ReleaseSRWLockExclusive?$AA@ 00000001800109e8     DelayImp:delayhlp.obj
 0002:00000a00       __pfnDliFailureHook2       0000000180010a00     DelayImp:delayhk1.obj
 0002:00000a10       _load_config_used          0000000180010a10     MSVCRT:loadcfg.obj
 0002:00000aa8       ??_C@_0BA@JFNIOLAK@string?5too?5long?$AA@ 0000000180010aa8     addon.obj
 0002:00000ab8       ??_C@_0BK@OFFFIOHD@SIMCONNECT_EXCEPTION_NONE?$AA@ 0000000180010ab8     addon.obj
 0002:00000ad8       ??_C@_0BL@KEILIENP@SIMCONNECT_EXCEPTION_ERROR?$AA@ 0000000180010ad8     addon.obj
 0002:00000af8       ??_C@_0CD@FNCDHEOD@SIMCONNECT_EXCEPTION_SIZE_MISMAT@ 0000000180010af8     addon.obj
 0002:00000b20       ??_C@_0CF@HGGDCEEA@SIMCONNECT_EXCEPTION_UNRECOGNIZE@ 0000000180010b20     addon.obj
 0002:00000b48       ??_C@_0BO@JLECPPKN@SIMCONNECT_EXCEPTION_UNOPENED?$AA@ 0000000180010b48     addon.obj
 0002:00000b68       ??_C@_0CG@KEHAHNPD@SIMCONNECT_EXCEPTION_VERSION_MIS@ 0000000180010b68     addon.obj
 0002:00000b90       ??_C@_0CF@BNAECEAF@SIMCONNECT_EXCEPTION_TOO_MANY_GR@ 0000000180010b90     addon.obj
 0002:00000bb8       ??_C@_0CH@GKGELPNJ@SIMCONNECT_EXCEPTION_NAME_UNRECO@ 0000000180010bb8     addon.obj
 0002:00000be0       ??_C@_0CK@OHBCGNJG@SIMCONNECT_EXCEPTION_TOO_MANY_EV@ 0000000180010be0     addon.obj
 0002:00000c10       ??_C@_0CI@LBHBIJML@SIMCONNECT_EXCEPTION_EVENT_ID_DU@ 0000000180010c10     addon.obj
 0002:00000c38       ??_C@_0CD@HAEMMMEE@SIMCONNECT_EXCEPTION_TOO_MANY_MA@ 0000000180010c38     addon.obj
 0002:00000c60       ??_C@_0CG@CCBEJBIC@SIMCONNECT_EXCEPTION_TOO_MANY_OB@ 0000000180010c60     addon.obj
 0002:00000c88       ??_C@_0CH@LEJPEFAG@SIMCONNECT_EXCEPTION_TOO_MANY_RE@ 0000000180010c88     addon.obj
 0002:00000cb0       ??_C@_0CK@NCFIMKCL@SIMCONNECT_EXCEPTION_WEATHER_INV@ 0000000180010cb0     addon.obj
 0002:00000ce0       ??_C@_0CL@OOJNKJPP@SIMCONNECT_EXCEPTION_WEATHER_INV@ 0000000180010ce0     addon.obj
 0002:00000d10       ??_C@_0DH@MMPPCEJK@SIMCONNECT_EXCEPTION_WEATHER_UNA@ 0000000180010d10     addon.obj
 0002:00000d48       ??_C@_0DG@DOIBJPEF@SIMCONNECT_EXCEPTION_WEATHER_UNA@ 0000000180010d48     addon.obj
 0002:00000d80       ??_C@_0DG@CLDJPEPM@SIMCONNECT_EXCEPTION_WEATHER_UNA@ 0000000180010d80     addon.obj
 0002:00000db8       ??_C@_0CH@KMAJHDBO@SIMCONNECT_EXCEPTION_INVALID_DAT@ 0000000180010db8     addon.obj
 0002:00000de0       ??_C@_0CH@EDKHHNEH@SIMCONNECT_EXCEPTION_INVALID_DAT@ 0000000180010de0     addon.obj
 0002:00000e08       ??_C@_0CA@MLMMJOEN@SIMCONNECT_EXCEPTION_DATA_ERROR?$AA@ 0000000180010e08     addon.obj
 0002:00000e28       ??_C@_0CD@MJGCDLIG@SIMCONNECT_EXCEPTION_INVALID_ARR@ 0000000180010e28     addon.obj
 0002:00000e50       ??_C@_0CK@EJEMPPAO@SIMCONNECT_EXCEPTION_CREATE_OBJE@ 0000000180010e50     addon.obj
 0002:00000e80       ??_C@_0DH@BGMPHPAP@SIMCONNECT_EXCEPTION_OPERATION_I@ 0000000180010e80     addon.obj
 0002:00000eb8       ??_C@_0CH@MLNNIPKH@SIMCONNECT_EXCEPTION_ILLEGAL_OPE@ 0000000180010eb8     addon.obj
 0002:00000ee0       ??_C@_0CI@NJDOIHOK@SIMCONNECT_EXCEPTION_ALREADY_SUB@ 0000000180010ee0     addon.obj
 0002:00000f08       ??_C@_0CC@DKBJPOEN@SIMCONNECT_EXCEPTION_INVALID_ENU@ 0000000180010f08     addon.obj
 0002:00000f30       ??_C@_0CG@FNPNNOHN@SIMCONNECT_EXCEPTION_DEFINITION_@ 0000000180010f30     addon.obj
 0002:00000f58       ??_C@_0CC@NCAHMBHG@SIMCONNECT_EXCEPTION_DUPLICATE_I@ 0000000180010f58     addon.obj
 0002:00000f80       ??_C@_0BO@BNACGAOL@SIMCONNECT_EXCEPTION_DATUM_ID?$AA@ 0000000180010f80     addon.obj
 0002:00000fa0       ??_C@_0CD@PECMDJM@SIMCONNECT_EXCEPTION_OUT_OF_BOUN@ 0000000180010fa0     addon.obj
 0002:00000fc8       ??_C@_0CF@BFOBLKMA@SIMCONNECT_EXCEPTION_ALREADY_CRE@ 0000000180010fc8     addon.obj
 0002:00000ff0       ??_C@_0DD@HEFBOGHF@SIMCONNECT_EXCEPTION_OBJECT_OUTS@ 0000000180010ff0     addon.obj
 0002:00001028       ??_C@_0CG@COIEMLE@SIMCONNECT_EXCEPTION_OBJECT_CONT@ 0000000180011028     addon.obj
 0002:00001050       ??_C@_0BP@OHJPCPPA@SIMCONNECT_EXCEPTION_OBJECT_AI?$AA@ 0000000180011050     addon.obj
 0002:00001070       ??_C@_0CA@HCPAEBNG@SIMCONNECT_EXCEPTION_OBJECT_ATC?$AA@ 0000000180011070     addon.obj
 0002:00001090       ??_C@_0CF@IBCEIOBI@SIMCONNECT_EXCEPTION_OBJECT_SCHE@ 0000000180011090     addon.obj
 0002:000010b8       ??_C@_0CI@HLGKOGKM@Unexpected?5message?5received?5?$CIdwI@ 00000001800110b8     addon.obj
 0002:000010e0       ??_C@_06IMJBDBNO@0x?$CF08X?$AA@ 00000001800110e0     addon.obj
 0002:000010e8       ??_C@_0M@DFMOHJNH@dwException?$AA@ 00000001800110e8     addon.obj
 0002:000010f8       ??_C@_08INPAFLIF@dwSendID?$AA@ 00000001800110f8     addon.obj
 0002:00001108       ??_C@_07PEFIGIJL@dwIndex?$AA@ 0000000180011108     addon.obj
 0002:00001110       ??_C@_06JMAGCMCN@cbData?$AA@ 0000000180011110     addon.obj
 0002:00001118       ??_C@_09BILEFMLD@cbVersion?$AA@ 0000000180011118     addon.obj
 0002:00001124       ??_C@_04MEMAJGDJ@name?$AA@ 0000000180011124     addon.obj
 0002:00001130       ??_C@_0M@PCENNPGA@?$CFd?4?$CFd?4?$CFd?4?$CFd?$AA@ 0000000180011130     addon.obj
 0002:00001140       ??_C@_07LKHFMGFB@integer?$AA@ 0000000180011140     addon.obj
 0002:00001148       ??_C@_05KNFBNCOH@float?$AA@ 0000000180011148     addon.obj
 0002:00001150       ??_C@_06ICGJLFIM@string?$AA@ 0000000180011150     addon.obj
 0002:00001158       ??_C@_0BD@CKKONKOF@Trying?5to?5close?4?4?6?$AA@ 0000000180011158     addon.obj
 0002:00001170       ??_C@_0M@NJAMHCEN@Closed?3?5?$CFi?6?$AA@ 0000000180011170     addon.obj
 0002:00001180       ??_C@_08OFJBILFH@altitude?$AA@ 0000000180011180     addon.obj
 0002:00001190       ??_C@_08IPNLHJNB@latitude?$AA@ 0000000180011190     addon.obj
 0002:000011a0       ??_C@_09PHBIEJMN@longitude?$AA@ 00000001800111a0     addon.obj
 0002:000011ac       ??_C@_05NCNFOFLM@pitch?$AA@ 00000001800111ac     addon.obj
 0002:000011b4       ??_C@_04JNPFOIOP@bank?$AA@ 00000001800111b4     addon.obj
 0002:000011c0       ??_C@_07MBJMFGGL@heading?$AA@ 00000001800111c0     addon.obj
 0002:000011c8       ??_C@_08JMFAAICL@onGround?$AA@ 00000001800111c8     addon.obj
 0002:000011d8       ??_C@_08NBKMDLNN@airspeed?$AA@ 00000001800111d8     addon.obj
 0002:000011e8       ??_C@_0BB@IAMFFOJM@Initial?5Position?$AA@ 00000001800111e8     addon.obj
 0002:000011fc       ??_C@_04PMOCAHAA@open?$AA@ 00000001800111fc     addon.obj
 0002:00001204       ??_C@_05LBOHBHFK@close?$AA@ 0000000180011204     addon.obj
 0002:00001210       ??_C@_0BH@FELDDCMG@subscribeToSystemEvent?$AA@ 0000000180011210     addon.obj
 0002:00001228       ??_C@_0BH@PMHECDBL@requestDataOnSimObject?$AA@ 0000000180011228     addon.obj
 0002:00001240       ??_C@_0BD@ELFBGKAB@setDataOnSimObject?$AA@ 0000000180011240     addon.obj
 0002:00001258       ??_C@_0BL@JKLLDNB@setAircraftInitialPosition?$AA@ 0000000180011258     addon.obj
 0002:00001278       ??_C@_0BE@IAOJOLME@transmitClientEvent?$AA@ 0000000180011278     addon.obj
 0002:00001290       ??_C@_0BD@LDBKBAFH@requestSystemState?$AA@ 0000000180011290     addon.obj
 0002:000012a8       ??_C@_0M@PJKEEBIC@?4?4?2addon?4cc?$AA@ 00000001800112a8     addon.obj
 0002:000012b4       ??_C@_05ONJGPJEO@addon?$AA@ 00000001800112b4     addon.obj
 0002:000012c0       ??_C@_0BM@NMJKDPPO@invalid?5vector?$DMT?$DO?5subscript?$AA@ 00000001800112c0     addon.obj
 0002:000012e0       ??_C@_0BD@OLBABOEK@vector?$DMT?$DO?5too?5long?$AA@ 00000001800112e0     addon.obj
 0002:000012f8       ??_C@_0BI@CFPLBAOH@invalid?5string?5position?$AA@ 00000001800112f8     addon.obj
 0002:00001310       ??_C@_0BE@JONHPENG@map?1set?$DMT?$DO?5too?5long?$AA@ 0000000180011310     addon.obj
 0002:00001328       ??_7AsyncWorker@Nan@@6B@   0000000180011328     addon.obj
 0002:00001358       ??_7DispatchWorker@@6B@    0000000180011358     addon.obj
 0002:00001390       __pfnDliNotifyHook2        0000000180011390     win_delay_load_hook.obj
 0002:00001398       ??_C@_08HCOMDCCD@iojs?4exe?$AA@ 0000000180011398     win_delay_load_hook.obj
 0002:000013a8       ??_C@_08JDDNMFDB@node?4exe?$AA@ 00000001800113a8     win_delay_load_hook.obj
 0002:000013c0       __xmm@00000008000000020000000400000001 00000001800113c0     addon.obj
 0002:000013d0       __xmm@00000008000000040000000400000003 00000001800113d0     addon.obj
 0002:000013e0       __xmm@00000020000000060000000800000005 00000001800113e0     addon.obj
 0002:000013f0       __xmm@00000080000000080000004000000007 00000001800113f0     addon.obj
 0002:00001400       __xmm@000001040000000a0000010000000009 0000000180011400     addon.obj
 0002:00001468       ??_R4exception@std@@6B@    0000000180011468     MSVCRT:throw_bad_alloc.obj
 0002:00001490       ??_R3exception@std@@8      0000000180011490     MSVCRT:throw_bad_alloc.obj
 0002:000014a8       ??_R2exception@std@@8      00000001800114a8     MSVCRT:throw_bad_alloc.obj
 0002:000014b8       ??_R1A@?0A@EA@exception@std@@8 00000001800114b8     MSVCRT:throw_bad_alloc.obj
 0002:000014e0       ??_R4bad_alloc@std@@6B@    00000001800114e0     MSVCRT:throw_bad_alloc.obj
 0002:00001508       ??_R3bad_alloc@std@@8      0000000180011508     MSVCRT:throw_bad_alloc.obj
 0002:00001520       ??_R2bad_alloc@std@@8      0000000180011520     MSVCRT:throw_bad_alloc.obj
 0002:00001538       ??_R1A@?0A@EA@bad_alloc@std@@8 0000000180011538     MSVCRT:throw_bad_alloc.obj
 0002:00001560       ??_R4bad_array_new_length@std@@6B@ 0000000180011560     MSVCRT:throw_bad_alloc.obj
 0002:00001588       ??_R3bad_array_new_length@std@@8 0000000180011588     MSVCRT:throw_bad_alloc.obj
 0002:000015a0       ??_R2bad_array_new_length@std@@8 00000001800115a0     MSVCRT:throw_bad_alloc.obj
 0002:000015c0       ??_R1A@?0A@EA@bad_array_new_length@std@@8 00000001800115c0     MSVCRT:throw_bad_alloc.obj
 0002:000015e8       ??_R4type_info@@6B@        00000001800115e8     MSVCRT:std_type_info_static.obj
 0002:00001610       ??_R3type_info@@8          0000000180011610     MSVCRT:std_type_info_static.obj
 0002:00001628       ??_R2type_info@@8          0000000180011628     MSVCRT:std_type_info_static.obj
 0002:00001638       ??_R1A@?0A@EA@type_info@@8 0000000180011638     MSVCRT:std_type_info_static.obj
 0002:00001a18       __rtc_iaa                  0000000180011a18     MSVCRT:_initsect_.obj
 0002:00001a20       __rtc_izz                  0000000180011a20     MSVCRT:_initsect_.obj
 0002:00001a28       __rtc_taa                  0000000180011a28     MSVCRT:_initsect_.obj
 0002:00001a30       __rtc_tzz                  0000000180011a30     MSVCRT:_initsect_.obj
 0002:00002a68       _TI2?AVbad_alloc@std@@     0000000180012a68     MSVCRT:throw_bad_alloc.obj
 0002:00002a88       _CTA2?AVbad_alloc@std@@    0000000180012a88     MSVCRT:throw_bad_alloc.obj
[...]
 0004:00000714       $pdata$1$??$_Insert_at@AEAU?$pair@$$CBHUDataRequest@@@std@@PEAU?$_Tree_node@U?$pair@$$CBHUDataRequest@@@std@@PEAX@2@@?$_Tree@V?$_Tmap_traits@HUDataRequest@@U?$less@H@std@@V?$allocator@U?$pair@$$CBHUDataRequest@@@std@@@3@$0A@@std@@@std@@IEAA?AV?$_Tree_iterator@V?$_Tree_val@U?$_Tree_simple_types@U?$pair@$$CBHUDataRequest@@@std@@@std@@@std@@@1@_NPEAU?$_Tree_node@U?$pair@$$CBHUDataRequest@@@std@@PEAX@1@AEAU?$pair@$$CBHUDataRequest@@@1@1@Z 0000000180016714     addon.obj
 0004:00000720       $pdata$??$_Insert_nohint@AEAU?$pair@$$CBHUDataRequest@@@std@@PEAU?$_Tree_node@U?$pair@$$CBHUDataRequest@@@std@@PEAX@2@@?$_Tree@V?$_Tmap_traits@HUDataRequest@@U?$less@H@std@@V?$allocator@U?$pair@$$CBHUDataRequest@@@std@@@3@$0A@@std@@@std@@IEAA?AU?$pair@V?$_Tree_iterator@V?$_Tree_val@U?$_Tree_simple_types@U?$pair@$$CBHUDataRequest@@@std@@@std@@@std@@@std@@_N@1@_NAEAU?$pair@$$CBHUDataRequest@@@1@PEAU?$_Tree_node@U?$pair@$$CBHUDataRequest@@@std@@PEAX@1@@Z 0000000180016720     addon.obj
 0004:0000072c       $pdata$?load_exe_hook@@YAP6A_JXZIPEAUDelayLoadInfo@@@Z 000000018001672c     win_delay_load_hook.obj
 0004:00000744       $pdata$SimConnect_AddToDataDefinition 0000000180016744     SimConnect:SimConnectClient.obj
 0004:00000750       $pdata$SimConnect_CallDispatch 0000000180016750     SimConnect:SimConnectClient.obj
 0004:0000075c       $pdata$SimConnect_Close    000000018001675c     SimConnect:SimConnectClient.obj
 0004:00000768       $pdata$SimConnect_GetNextDispatch 0000000180016768     SimConnect:SimConnectClient.obj
 0004:00000774       $pdata$SimConnect_MapClientEventToSimEvent 0000000180016774     SimConnect:SimConnectClient.obj
 0004:00000780       $pdata$SimConnect_Open     0000000180016780     SimConnect:SimConnectClient.obj
 0004:0000078c       $pdata$0$SimConnect_Open   000000018001678c     SimConnect:SimConnectClient.obj
 0004:00000798       $pdata$2$SimConnect_Open   0000000180016798     SimConnect:SimConnectClient.obj
 0004:000007a4       $pdata$3$SimConnect_Open   00000001800167a4     SimConnect:SimConnectClient.obj
 0004:000007b0       $pdata$SimConnect_RequestDataOnSimObject 00000001800167b0     SimConnect:SimConnectClient.obj
 0004:000007bc       $pdata$SimConnect_RequestSystemState 00000001800167bc     SimConnect:SimConnectClient.obj
 0004:000007c8       $pdata$SimConnect_SetDataOnSimObject 00000001800167c8     SimConnect:SimConnectClient.obj
 0004:000007d4       $pdata$SimConnect_SubscribeToSystemEvent 00000001800167d4     SimConnect:SimConnectClient.obj
 0004:000007e0       $pdata$SimConnect_TransmitClientEvent 00000001800167e0     SimConnect:SimConnectClient.obj
 0004:000007ec       $pdata$??0ClientClient@@QEAA@W4CLIENTTYPE@CClient@@@Z 00000001800167ec     SimConnect:commClient.obj
 0004:000007f8       $pdata$??1?$TSmartPtr@VQueueItem@@@@QEAA@XZ 00000001800167f8     SimConnect:commClient.obj
 0004:00000804       $pdata$??1ClientClient@@UEAA@XZ 0000000180016804     SimConnect:commClient.obj
 0004:00000810       $pdata$??_GClientClient@@UEAAPEAXI@Z 0000000180016810     SimConnect:commClient.obj
 0004:0000081c       $pdata$??_GQueueItem@@MEAAPEAXI@Z 000000018001681c     SimConnect:commClient.obj
 0004:00000828       $pdata$?AddElement@?$CQueue@V?$TSmartPtr@VQueueItem@@@@@@QEAAHAEBV?$TSmartPtr@VQueueItem@@@@@Z 0000000180016828     SimConnect:commClient.obj
 0004:00000834       $pdata$?AddElement@?$CThreadSafeQueue@V?$TSmartPtr@VQueueItem@@@@@@QEAAHAEBV?$TSmartPtr@VQueueItem@@@@@Z 0000000180016834     SimConnect:commClient.obj
 0004:00000840       $pdata$?ClientPutInQueue@@YAXKKIPEAX@Z 0000000180016840     SimConnect:commClient.obj
 0004:0000084c       $pdata$?Close@ClientClient@@UEAAXW4CLIENTERROR@@K@Z 000000018001684c     SimConnect:commClient.obj
 0004:00000858       $pdata$?CommClient_Close@@YA?AW4CC_RESULT@@PEAX@Z 0000000180016858     SimConnect:commClient.obj
 0004:00000864       $pdata$?CommClient_GetReceive@@YA?AW4CC_RESULT@@PEAXPEAPEAUSIMCONNECT_RECV@@PEAK@Z 0000000180016864     SimConnect:commClient.obj
 0004:00000870       $pdata$2$?CommClient_GetReceive@@YA?AW4CC_RESULT@@PEAXPEAPEAUSIMCONNECT_RECV@@PEAK@Z 0000000180016870     SimConnect:commClient.obj
 0004:0000087c       $pdata$3$?CommClient_GetReceive@@YA?AW4CC_RESULT@@PEAXPEAPEAUSIMCONNECT_RECV@@PEAK@Z 000000018001687c     SimConnect:commClient.obj
 0004:00000888       $pdata$5$?CommClient_GetReceive@@YA?AW4CC_RESULT@@PEAXPEAPEAUSIMCONNECT_RECV@@PEAK@Z 0000000180016888     SimConnect:commClient.obj
 0004:00000894       $pdata$7$?CommClient_GetReceive@@YA?AW4CC_RESULT@@PEAXPEAPEAUSIMCONNECT_RECV@@PEAK@Z 0000000180016894     SimConnect:commClient.obj
 0004:000008a0       $pdata$8$?CommClient_GetReceive@@YA?AW4CC_RESULT@@PEAXPEAPEAUSIMCONNECT_RECV@@PEAK@Z 00000001800168a0     SimConnect:commClient.obj
 0004:000008ac       $pdata$?CommClient_Open@@YA?AW4CC_RESULT@@PEAPEAXK@Z 00000001800168ac     SimConnect:commClient.obj
 0004:000008b8       $pdata$?CommClient_ReceiveDispatch@@YA?AW4CC_RESULT@@PEAXP6AXPEAUSIMCONNECT_RECV@@K0@Z0@Z 00000001800168b8     SimConnect:commClient.obj
 0004:000008c4       $pdata$?CommClient_SendAbort@@YA?AW4CC_RESULT@@PEAXPEAUSIMCONNECT_SEND@@K@Z 00000001800168c4     SimConnect:commClient.obj
 0004:000008d0       $pdata$?CommClient_SendAllocate@@YA?AW4CC_RESULT@@PEAXPEAPEAUSIMCONNECT_SEND@@K@Z 00000001800168d0     SimConnect:commClient.obj
 0004:000008dc       $pdata$?CommClient_SendFlush@@YA?AW4CC_RESULT@@PEAX@Z 00000001800168dc     SimConnect:commClient.obj
 0004:000008e8       $pdata$?Connect@ClientClient@@QEAA_NHPEB_W0I_N@Z 00000001800168e8     SimConnect:commClient.obj
 0004:000008f4       $pdata$?DeleteAll@?$CQueue@V?$TSmartPtr@VQueueItem@@@@@@QEAAHXZ 00000001800168f4     SimConnect:commClient.obj
 0004:00000900       $pdata$0$?DeleteAll@?$CQueue@V?$TSmartPtr@VQueueItem@@@@@@QEAAHXZ 0000000180016900     SimConnect:commClient.obj
 0004:0000090c       $pdata$1$?DeleteAll@?$CQueue@V?$TSmartPtr@VQueueItem@@@@@@QEAAHXZ 000000018001690c     SimConnect:commClient.obj
 0004:00000918       $pdata$?ExtractElement@?$CQueue@V?$TSmartPtr@VQueueItem@@@@@@QEAAHAEAV?$TSmartPtr@VQueueItem@@@@@Z 0000000180016918     SimConnect:commClient.obj
 0004:00000924       $pdata$1$?ExtractElement@?$CQueue@V?$TSmartPtr@VQueueItem@@@@@@QEAAHAEAV?$TSmartPtr@VQueueItem@@@@@Z 0000000180016924     SimConnect:commClient.obj
 0004:00000930       $pdata$2$?ExtractElement@?$CQueue@V?$TSmartPtr@VQueueItem@@@@@@QEAAHAEAV?$TSmartPtr@VQueueItem@@@@@Z 0000000180016930     SimConnect:commClient.obj
 0004:0000093c       $pdata$?GetRegistryPort@@YA_N_NPEA_W@Z 000000018001693c     SimConnect:commClient.obj
 0004:00000948       $pdata$?New@QueueItem@@SA?AV?$TSmartPtr@VQueueItem@@@@PEBXIHK@Z 0000000180016948     SimConnect:commClient.obj
 0004:00000954       $pdata$?ProcessPacket@ClientClient@@UEAA?AW4PROCESSPACKET@CClient@@PEAVtagPacket@@@Z 0000000180016954     SimConnect:commClient.obj
 0004:00000960       $pdata$?Reset@ClientClient@@UEAAXXZ 0000000180016960     SimConnect:commClient.obj
 0004:0000096c       $pdata$?StringCbPrintfW@@YAJPEA_W_KPEB_WZZ 000000018001696c     SimConnect:commClient.obj
 0004:00000978       $pdata$0$?StringCbPrintfW@@YAJPEA_W_KPEB_WZZ 0000000180016978     SimConnect:commClient.obj
 0004:00000984       $pdata$1$?StringCbPrintfW@@YAJPEA_W_KPEB_WZZ 0000000180016984     SimConnect:commClient.obj
 0004:00000990       $pdata$2$?StringCbPrintfW@@YAJPEA_W_KPEB_WZZ 0000000180016990     SimConnect:commClient.obj
 0004:0000099c       $pdata$4$?StringCbPrintfW@@YAJPEA_W_KPEB_WZZ 000000018001699c     SimConnect:commClient.obj
 0004:000009a8       $pdata$5$?StringCbPrintfW@@YAJPEA_W_KPEB_WZZ 00000001800169a8     SimConnect:commClient.obj
 0004:000009b4       $pdata$?Unlink@ClientClient@@QEAAXXZ 00000001800169b4     SimConnect:commClient.obj
 0004:000009c0       $pdata$?WinSockStartup@@YA_NXZ 00000001800169c0     SimConnect:commClient.obj
 0004:000009cc       $pdata$?_Reallocate@?$vector@UCLIENT_INPROC_ALLOC@@V?$allocator@UCLIENT_INPROC_ALLOC@@@std@@@std@@IEAAX_K@Z 00000001800169cc     SimConnect:commClient.obj
 0004:000009d8       $pdata$?_Reserve@?$vector@UCLIENT_INPROC_ALLOC@@V?$allocator@UCLIENT_INPROC_ALLOC@@@std@@@std@@IEAAX_K@Z 00000001800169d8     SimConnect:commClient.obj
 0004:000009e4       $pdata$?allocate@?$allocator@UCLIENT_INPROC_ALLOC@@@std@@QEAAPEAUCLIENT_INPROC_ALLOC@@_K@Z 00000001800169e4     SimConnect:commClient.obj
 0004:000009f0       $pdata$?deallocate@?$allocator@UCLIENT_INPROC_ALLOC@@@std@@QEAAXPEAUCLIENT_INPROC_ALLOC@@_K@Z 00000001800169f0     SimConnect:commClient.obj
 0004:000009fc       $pdata$?push_back@?$vector@UCLIENT_INPROC_ALLOC@@V?$allocator@UCLIENT_INPROC_ALLOC@@@std@@@std@@QEAAXAEBUCLIENT_INPROC_ALLOC@@@Z 00000001800169fc     SimConnect:commClient.obj
 0004:00000a08       $pdata$?readConfigFile@@YAXPEA_WKAEAH00AEAIAEA_N@Z 0000000180016a08     SimConnect:commClient.obj
 0004:00000a14       $pdata$?validateConfigIndex@@YA?AW4CC_RESULT@@K@Z 0000000180016a14     SimConnect:commClient.obj
 0004:00000a20       $pdata$0$?validateConfigIndex@@YA?AW4CC_RESULT@@K@Z 0000000180016a20     SimConnect:commClient.obj
 0004:00000a2c       $pdata$1$?validateConfigIndex@@YA?AW4CC_RESULT@@K@Z 0000000180016a2c     SimConnect:commClient.obj
 0004:00000a38       $pdata$2$?validateConfigIndex@@YA?AW4CC_RESULT@@K@Z 0000000180016a38     SimConnect:commClient.obj
 0004:00000a44       $pdata$3$?validateConfigIndex@@YA?AW4CC_RESULT@@K@Z 0000000180016a44     SimConnect:commClient.obj
 0004:00000a50       $pdata$?validateConfigIndexFile@@YA?AW4CC_RESULT@@PEA_WK@Z 0000000180016a50     SimConnect:commClient.obj
 0004:00000a5c       $pdata$??0CClient@@QEAA@W4CLIENTTYPE@0@@Z 0000000180016a5c     SimConnect:client.obj
 0004:00000a68       $pdata$??1CClient@@UEAA@XZ 0000000180016a68     SimConnect:client.obj
 0004:00000a74       $pdata$??_GCClient@@UEAAPEAXI@Z 0000000180016a74     SimConnect:client.obj
 0004:00000a80       $pdata$?Close@CClient@@UEAAXW4CLIENTERROR@@K@Z 0000000180016a80     SimConnect:client.obj
 0004:00000a8c       $pdata$?CreateInvalidPacket@CClient@@QEAAXPEAVtagPacket@@@Z 0000000180016a8c     SimConnect:client.obj
 0004:00000a98       $pdata$?Deinit@CClient@@QEAAXXZ 0000000180016a98     SimConnect:client.obj
 0004:00000aa4       $pdata$?DoneIO@CClient@@SAXKKPEAU_OVERLAPPED@@@Z 0000000180016aa4     SimConnect:client.obj
 0004:00000ab0       $pdata$0$?DoneIO@CClient@@SAXKKPEAU_OVERLAPPED@@@Z 0000000180016ab0     SimConnect:client.obj
 0004:00000abc       $pdata$1$?DoneIO@CClient@@SAXKKPEAU_OVERLAPPED@@@Z 0000000180016abc     SimConnect:client.obj
 0004:00000ac8       $pdata$?Init@CClient@@QEAAX_NTSOCKETHANDLE@@HI0@Z 0000000180016ac8     SimConnect:client.obj
 0004:00000ad4       $pdata$?IsProtocolAvailable@CClient@@SA_N_N@Z 0000000180016ad4     SimConnect:client.obj
 0004:00000ae0       $pdata$?IssueNetRead@CClient@@QEAAXXZ 0000000180016ae0     SimConnect:client.obj
 0004:00000aec       $pdata$?Maintenance@CClient@@QEAA_NXZ 0000000180016aec     SimConnect:client.obj
 0004:00000af8       $pdata$?Read@CClient@@AEAA?AW4READRESULT@1@PEAVtagPacket@@@Z 0000000180016af8     SimConnect:client.obj
 0004:00000b04       $pdata$?Release@CClient@@QEAA_NXZ 0000000180016b04     SimConnect:client.obj
 0004:00000b10       $pdata$?Reset@CClient@@UEAAXXZ 0000000180016b10     SimConnect:client.obj
 0004:00000b1c       $pdata$?XNetWrite@CClient@@AEAA_N_N@Z 0000000180016b1c     SimConnect:client.obj
 0004:00000b28       $pdata$1$?XNetWrite@CClient@@AEAA_N_N@Z 0000000180016b28     SimConnect:client.obj
 0004:00000b34       $pdata$2$?XNetWrite@CClient@@AEAA_N_N@Z 0000000180016b34     SimConnect:client.obj
 0004:00000b40       $pdata$?XWrite@CClient@@QEAA_NAEBV?$TSmartPtr@VQueueItem@@@@@Z 0000000180016b40     SimConnect:client.obj
 0004:00000b58       $pdata$??2@YAPEAX_K@Z      0000000180016b58     MSVCRT:new_scalar.obj
 0004:00000b64       $pdata$__scrt_acquire_startup_lock 0000000180016b64     MSVCRT:utility.obj
 0004:00000b70       $pdata$__scrt_dllmain_after_initialize_c 0000000180016b70     MSVCRT:utility.obj
 0004:00000b7c       $pdata$__scrt_dllmain_before_initialize_c 0000000180016b7c     MSVCRT:utility.obj
 0004:00000b88       $pdata$__scrt_dllmain_crt_thread_attach 0000000180016b88     MSVCRT:utility.obj
 0004:00000b94       $pdata$__scrt_dllmain_crt_thread_detach 0000000180016b94     MSVCRT:utility.obj
 0004:00000ba0       $pdata$__scrt_dllmain_exception_filter 0000000180016ba0     MSVCRT:utility.obj
 0004:00000bac       $pdata$__scrt_dllmain_uninitialize_c 0000000180016bac     MSVCRT:utility.obj
 0004:00000bb8       $pdata$__scrt_dllmain_uninitialize_critical 0000000180016bb8     MSVCRT:utility.obj
 0004:00000bc4       $pdata$__scrt_initialize_crt 0000000180016bc4     MSVCRT:utility.obj
 0004:00000bd0       $pdata$__scrt_initialize_onexit_tables 0000000180016bd0     MSVCRT:utility.obj
 0004:00000bdc       $pdata$__scrt_is_nonwritable_in_current_image 0000000180016bdc     MSVCRT:utility.obj
 0004:00000be8       $pdata$__scrt_release_startup_lock 0000000180016be8     MSVCRT:utility.obj
 0004:00000bf4       $pdata$__scrt_uninitialize_crt 0000000180016bf4     MSVCRT:utility.obj
 0004:00000c00       $pdata$_onexit             0000000180016c00     MSVCRT:utility.obj
 0004:00000c0c       $pdata$atexit              0000000180016c0c     MSVCRT:utility.obj
 0004:00000c18       $pdata$?dllmain_crt_dispatch@@YAHQEAUHINSTANCE__@@KQEAX@Z 0000000180016c18     MSVCRT:dll_dllmain.obj
 0004:00000c24       $pdata$?dllmain_crt_process_attach@@YAHQEAUHINSTANCE__@@QEAX@Z 0000000180016c24     MSVCRT:dll_dllmain.obj
 0004:00000c30       $pdata$?dllmain_crt_process_detach@@YAH_N@Z 0000000180016c30     MSVCRT:dll_dllmain.obj
 0004:00000c3c       $pdata$?dllmain_dispatch@@YAHQEAUHINSTANCE__@@KQEAX@Z 0000000180016c3c     MSVCRT:dll_dllmain.obj
 0004:00000c48       $pdata$?dllmain_raw@@YAHQEAUHINSTANCE__@@KQEAX@Z 0000000180016c48     MSVCRT:dll_dllmain.obj
 0004:00000c54       $pdata$_DllMainCRTStartup  0000000180016c54     MSVCRT:dll_dllmain.obj
 0004:00000c60       $pdata$__GSHandlerCheck    0000000180016c60     MSVCRT:_gshandler_.obj
 0004:00000c6c       $pdata$__GSHandlerCheckCommon 0000000180016c6c     MSVCRT:_gshandler_.obj
 0004:00000c78       $pdata$__GSHandlerCheck_EH 0000000180016c78     MSVCRT:gshandlereh.obj
 0004:00000c90       $pdata$__raise_securityfailure 0000000180016c90     MSVCRT:gs_report.obj
 0004:00000c9c       $pdata$__report_gsfailure  0000000180016c9c     MSVCRT:gs_report.obj
 0004:00000ca8       $pdata$capture_previous_context 0000000180016ca8     MSVCRT:gs_report.obj
 0004:00000cb4       $pdata$??0bad_alloc@std@@QEAA@AEBV01@@Z 0000000180016cb4     MSVCRT:throw_bad_alloc.obj
 0004:00000cc0       $pdata$??0bad_array_new_length@std@@QEAA@AEBV01@@Z 0000000180016cc0     MSVCRT:throw_bad_alloc.obj
 0004:00000ccc       $pdata$??0exception@std@@QEAA@AEBV01@@Z 0000000180016ccc     MSVCRT:throw_bad_alloc.obj
 0004:00000cd8       $pdata$??_Gbad_array_new_length@std@@UEAAPEAXI@Z 0000000180016cd8     MSVCRT:throw_bad_alloc.obj
 0004:00000cd8       $pdata$??_Gbad_alloc@std@@UEAAPEAXI@Z 0000000180016cd8     MSVCRT:throw_bad_alloc.obj
 0004:00000cd8       $pdata$??_Gexception@std@@UEAAPEAXI@Z 0000000180016cd8     MSVCRT:throw_bad_alloc.obj
 0004:00000ce4       $pdata$?__scrt_throw_std_bad_alloc@@YAXXZ 0000000180016ce4     MSVCRT:throw_bad_alloc.obj
 0004:00000cf0       $pdata$?__scrt_throw_std_bad_array_new_length@@YAXXZ 0000000180016cf0     MSVCRT:throw_bad_alloc.obj
 0004:00000cfc       $pdata$__isa_available_init 0000000180016cfc     MSVCRT:_cpu_disp_.obj
 0004:00000d08       $pdata$__scrt_fastfail     0000000180016d08     MSVCRT:utility_desktop.obj
 0004:00000d14       $pdata$__security_init_cookie 0000000180016d14     MSVCRT:gs_support.obj
 0004:00000d20       $pdata$DllMain             0000000180016d20     MSVCRT:dll_dllmain_stub.obj
 0004:00000d2c       $pdata$__scrt_initialize_default_local_stdio_options 0000000180016d2c     MSVCRT:default_local_stdio_options.obj
 0004:00000d38       $pdata$_RTC_Initialize     0000000180016d38     MSVCRT:_initsect_.obj
 0004:00000d44       $pdata$_RTC_Terminate      0000000180016d44     MSVCRT:_initsect_.obj
 0004:00000d50       $pdata$??_Gtype_info@@UEAAPEAXI@Z 0000000180016d50     MSVCRT:std_type_info_static.obj
 0004:00000d5c       $pdata$?DloadAcquireSectionWriteAccess@@YAXXZ 0000000180016d5c     DelayImp:delayhlp.obj
 0004:00000d68       $pdata$?DloadGetSRWLockFunctionPointers@@YAEXZ 0000000180016d68     DelayImp:delayhlp.obj
 0004:00000d74       $pdata$?DloadMakePermanentImageCommit@@YAXPEAX_K@Z 0000000180016d74     DelayImp:delayhlp.obj
 0004:00000d80       $pdata$?DloadObtainSection@@YAPEAXPEAK0@Z 0000000180016d80     DelayImp:delayhlp.obj
 0004:00000d8c       $pdata$?DloadProtectSection@@YAXKPEAK@Z 0000000180016d8c     DelayImp:delayhlp.obj
 0004:00000d98       $pdata$?DloadReleaseSectionWriteAccess@@YAXXZ 0000000180016d98     DelayImp:delayhlp.obj
 0004:00000da4       $pdata$__delayLoadHelper2  0000000180016da4     DelayImp:delayhlp.obj
 0004:00000dbc       $pdata$?dtor$0@?0??CommClient_Open@@YA?AW4CC_RESULT@@PEAPEAXK@Z@4HA 0000000180016dbc     SimConnect:commClient.obj
 0004:00000dc8       $pdata$?dtor$1@?0??CommClient_Open@@YA?AW4CC_RESULT@@PEAPEAXK@Z@4HA 0000000180016dc8     SimConnect:commClient.obj
 0004:00000dd4       $pdata$?dtor$2@?0??CommClient_Open@@YA?AW4CC_RESULT@@PEAPEAXK@Z@4HA 0000000180016dd4     SimConnect:commClient.obj
 0004:00000de0       $pdata$?dtor$3@?0??CommClient_Open@@YA?AW4CC_RESULT@@PEAPEAXK@Z@4HA 0000000180016de0     SimConnect:commClient.obj
 0004:00000dec       $pdata$?catch$48@?0??_Reallocate@?$vector@UCLIENT_INPROC_ALLOC@@V?$allocator@UCLIENT_INPROC_ALLOC@@@std@@@std@@IEAAX_K@Z@4HA 0000000180016dec     SimConnect:commClient.obj
 0004:00000df8       $pdata$__scrt_is_nonwritable_in_current_image$filt$0 0000000180016df8     MSVCRT:utility.obj
 0004:00000e04       $pdata$?fin$0@?0??dllmain_crt_process_attach@@YAHQEAUHINSTANCE__@@QEAX@Z@4HA 0000000180016e04     MSVCRT:dll_dllmain.obj
 0004:00000e10       $pdata$?fin$0@?0??dllmain_crt_process_detach@@YAH_N@Z@4HA 0000000180016e10     MSVCRT:dll_dllmain.obj
 0004:00000e1c       $pdata$?filt$0@?0??dllmain_dispatch@@YAHQEAUHINSTANCE__@@KQEAX@Z@4HA 0000000180016e1c     MSVCRT:dll_dllmain.obj
 0004:00000e28       $pdata$??__FexceptionNames@@YAXXZ 0000000180016e28     addon.obj
 0004:00000e34       $pdata$??__FsizeMap@@YAXXZ 0000000180016e34     addon.obj
 0004:00000e40       $pdata$??__FdataRequests@@YAXXZ 0000000180016e40     addon.obj
 0004:00000e4c       $pdata$??__FsystemEventCallbacks@@YAXXZ 0000000180016e4c     addon.obj
 0004:00000e58       $pdata$??__FsystemStateCallbacks@@YAXXZ 0000000180016e58     addon.obj
 0005:00000000       __guard_fids_?dllmain_crt_process_attach@@YAHQEAUHINSTANCE__@@QEAX@Z 0000000180017000     MSVCRT:dll_dllmain.obj
 0005:00000008       __guard_fids_?dllmain_dispatch@@YAHQEAUHINSTANCE__@@KQEAX@Z 0000000180017008     MSVCRT:dll_dllmain.obj
 0005:0000000c       __guard_fids__             000000018001700c     MSVCRT:throw_bad_alloc.obj
 0005:00000014       __guard_fids__             0000000180017014     MSVCRT:throw_bad_alloc.obj
 0005:0000001c       __guard_fids__             000000018001701c     MSVCRT:throw_bad_alloc.obj
 0005:00000024       __guard_fids__             0000000180017024     MSVCRT:std_type_info_static.obj
 0005:00000028       __guard_fids__             0000000180017028     MSVCRT:guard_support.obj
 0006:00000060       $R000000                   0000000180018060     * linker generated manifest res *

 Exports

  ordinal    name

        1    _register_addon_
